main.c:149:5:main	16	static
main.c:266:6:SystemClock_Config	88	static
main.c:311:13:MX_TIM1_Init	56	static
main.c:361:13:MX_TIM2_Init	32	static
main.c:406:13:MX_TIM3_Init	64	static
main.c:469:13:MX_USART2_UART_Init	8	static
main.c:502:13:MX_GPIO_Init	48	static
main.c:536:7:EncoderVelocity_Update	48	static
main.c:572:6:HAL_TIM_PeriodElapsedCallback	24	static
main.c:580:10:micros	12	static
main.c:585:6:ConverterUnitSystemStructureInit	16	static
main.c:592:6:TrajectoryGenerationStructureInit	16	static
main.c:602:6:TrajectoryGenerationCalculation	16	static
main.c:638:6:TrajectoryGenerationProcess	144	static
main.c:719:6:Error_Handler	4	static,ignoring_inline_asm
