main.c:267:5:main	32	static
main.c:505:6:SystemClock_Config	88	static
main.c:550:13:MX_I2C1_Init	8	static
main.c:584:13:MX_TIM1_Init	56	static
main.c:634:13:MX_TIM2_Init	32	static
main.c:679:13:MX_TIM3_Init	64	static
main.c:738:13:MX_USART2_UART_Init	8	static
main.c:769:13:MX_DMA_Init	16	static
main.c:790:13:MX_GPIO_Init	48	static
main.c:863:6:EncoderVelocityAndPosition_Update	56	static
main.c:893:6:Encoder_SetHome_Position	4	static
main.c:898:6:HAL_TIM_PeriodElapsedCallback	24	static
main.c:906:10:micros	12	static
main.c:911:6:ConverterUnitSystemStructureInit	16	static
main.c:918:6:TrajectoryGenerationStructureInit	16	static
main.c:931:6:VelocityControllerInit	16	static
main.c:940:6:DisplacementControllerInit	16	static
main.c:949:6:TrajectoryGenerationVelocityMaxSetting	16	static
main.c:956:6:TrajectoryGenerationPrepareDATA	8	static
main.c:1029:6:TrajectoryGenerationCalculation	16	static
main.c:1065:6:TrajectoryGenerationProcess	56	static
main.c:1145:6:PIDController2in1	16	static
main.c:1168:6:UARTInit	16	static
main.c:1178:6:UARTResetStart	16	static
main.c:1183:10:UARTGetRxHead	16	static
main.c:1188:9:UARTReadChar	32	static
main.c:1203:6:UARTTxDumpBuffer	24	static
main.c:1230:6:UARTTxWrite	32	static
main.c:1254:6:ACK1Return	24	static
main.c:1262:6:ACK2Return	24	static
main.c:1270:6:DEBUG_UART	24	static
main.c:1278:6:Munmunbot_Protocol	72	static
main.c:1524:6:PID_Reset	4	static
main.c:1531:6:LAMP_ON	16	static
main.c:1553:6:Emergency_switch_trigger	8	static
main.c:1573:6:Error_Handler	4	static,ignoring_inline_asm
