main.c:272:5:main	32	static
main.c:447:6:SystemClock_Config	88	static
main.c:492:13:MX_I2C1_Init	8	static
main.c:526:13:MX_TIM1_Init	56	static
main.c:576:13:MX_TIM2_Init	32	static
main.c:621:13:MX_TIM3_Init	64	static
main.c:680:13:MX_USART2_UART_Init	8	static
main.c:711:13:MX_DMA_Init	16	static
main.c:732:13:MX_GPIO_Init	48	static
main.c:811:6:EncoderVelocityAndPosition_Update	56	static
main.c:841:6:Encoder_SetHome_Position	4	static
main.c:846:6:HAL_TIM_PeriodElapsedCallback	24	static
main.c:854:6:HAL_GPIO_EXTI_Callback	16	static
main.c:885:10:micros	12	static
main.c:890:6:ConverterUnitSystemStructureInit	16	static
main.c:897:6:TrajectoryGenerationStructureInit	16	static
main.c:910:6:VelocityControllerInit	16	static
main.c:919:6:DisplacementControllerInit	16	static
main.c:928:6:TrajectoryGenerationVelocityMaxSetting	16	static
main.c:935:6:TrajectoryGenerationPrepareDATA	8	static
main.c:1008:6:TrajectoryGenerationCalculation	16	static
main.c:1044:6:TrajectoryGenerationProcess	56	static
main.c:1124:6:PIDController2in1	16	static
main.c:1147:6:UARTInit	16	static
main.c:1157:6:UARTResetStart	16	static
main.c:1162:10:UARTGetRxHead	16	static
main.c:1167:9:UARTReadChar	32	static
main.c:1182:6:UARTTxDumpBuffer	24	static
main.c:1209:6:UARTTxWrite	32	static
main.c:1233:6:ACK1Return	24	static
main.c:1241:6:ACK2Return	24	static
main.c:1249:6:DEBUG_UART	24	static
main.c:1257:6:Munmunbot_Protocol	72	static
main.c:1503:6:PID_Reset	4	static
main.c:1510:6:LAMP_ON	16	static
main.c:1532:6:Emergency_switch_trigger	8	static
main.c:1545:6:Controlling_the_LINK	8	static
main.c:1572:6:SETHOME_StateMachine_Function	16	static
main.c:1632:6:PRESETHOME_StateMachine_Function	16	static
main.c:1697:6:Error_Handler	4	static,ignoring_inline_asm
