main.c:272:5:main	32	static
main.c:455:6:SystemClock_Config	88	static
main.c:500:13:MX_I2C1_Init	8	static
main.c:534:13:MX_TIM1_Init	56	static
main.c:584:13:MX_TIM2_Init	32	static
main.c:629:13:MX_TIM3_Init	64	static
main.c:688:13:MX_USART2_UART_Init	8	static
main.c:719:13:MX_DMA_Init	16	static
main.c:740:13:MX_GPIO_Init	48	static
main.c:819:6:EncoderVelocityAndPosition_Update	56	static
main.c:849:6:Encoder_SetHome_Position	4	static
main.c:854:6:HAL_TIM_PeriodElapsedCallback	24	static
main.c:862:6:HAL_GPIO_EXTI_Callback	16	static
main.c:893:10:micros	12	static
main.c:898:6:ConverterUnitSystemStructureInit	16	static
main.c:905:6:TrajectoryGenerationStructureInit	16	static
main.c:918:6:VelocityControllerInit	16	static
main.c:927:6:DisplacementControllerInit	16	static
main.c:936:6:TrajectoryGenerationVelocityMaxSetting	16	static
main.c:943:6:TrajectoryGenerationPrepareDATA	8	static
main.c:1016:6:TrajectoryGenerationCalculation	16	static
main.c:1052:6:TrajectoryGenerationProcess	56	static
main.c:1132:6:PIDController2in1	16	static
main.c:1155:6:UARTInit	16	static
main.c:1165:6:UARTResetStart	16	static
main.c:1170:10:UARTGetRxHead	16	static
main.c:1175:9:UARTReadChar	32	static
main.c:1190:6:UARTTxDumpBuffer	24	static
main.c:1217:6:UARTTxWrite	32	static
main.c:1241:6:ACK1Return	24	static
main.c:1249:6:ACK2Return	24	static
main.c:1257:6:DEBUG_UART	24	static
main.c:1265:6:Munmunbot_Protocol	72	static
main.c:1512:6:PID_Reset	4	static
main.c:1523:6:LAMP_ON	16	static
main.c:1545:6:Emergency_switch_trigger	8	static
main.c:1558:6:Controlling_the_LINK	16	static
main.c:1588:6:SETHOME_StateMachine_Function	16	static
main.c:1648:6:PRESETHOME_StateMachine_Function	16	static
main.c:1713:6:Error_Handler	4	static,ignoring_inline_asm
