main.c:234:5:main	24	static
main.c:414:6:SystemClock_Config	88	static
main.c:459:13:MX_TIM1_Init	56	static
main.c:509:13:MX_TIM2_Init	32	static
main.c:554:13:MX_TIM3_Init	64	static
main.c:613:13:MX_USART2_UART_Init	8	static
main.c:644:13:MX_DMA_Init	16	static
main.c:665:13:MX_GPIO_Init	48	static
main.c:709:6:EncoderVelocityAndPosition_Update	48	static
main.c:747:6:HAL_TIM_PeriodElapsedCallback	24	static
main.c:755:10:micros	12	static
main.c:760:6:ConverterUnitSystemStructureInit	16	static
main.c:767:6:TrajectoryGenerationStructureInit	16	static
main.c:780:6:VelocityControllerInit	16	static
main.c:789:6:DisplacementControllerInit	16	static
main.c:799:6:TrajectoryGenerationVelocityMaxSetting	16	static
main.c:807:6:TrajectoryGenerationCalculation	16	static
main.c:843:6:TrajectoryGenerationProcess	56	static
main.c:924:6:PIDController2in1	16	static
main.c:946:6:UARTInit	16	static
main.c:956:6:UARTResetStart	16	static
main.c:961:10:UARTGetRxHead	16	static
main.c:966:9:UARTReadChar	32	static
main.c:981:6:UARTTxDumpBuffer	24	static
main.c:1008:6:UARTTxWrite	32	static
main.c:1032:6:ACK1Return	24	static
main.c:1040:6:ACK2Return	24	static
main.c:1049:6:Munmunbot_Protocol	48	static
main.c:1281:6:Error_Handler	4	static,ignoring_inline_asm
