main.c:272:5:main	32	static
main.c:451:6:SystemClock_Config	88	static
main.c:496:13:MX_I2C1_Init	8	static
main.c:530:13:MX_TIM1_Init	56	static
main.c:580:13:MX_TIM2_Init	32	static
main.c:625:13:MX_TIM3_Init	64	static
main.c:684:13:MX_USART2_UART_Init	8	static
main.c:715:13:MX_DMA_Init	16	static
main.c:736:13:MX_GPIO_Init	48	static
main.c:815:6:EncoderVelocityAndPosition_Update	56	static
main.c:845:6:Encoder_SetHome_Position	4	static
main.c:850:6:HAL_TIM_PeriodElapsedCallback	24	static
main.c:858:6:HAL_GPIO_EXTI_Callback	16	static
main.c:889:10:micros	12	static
main.c:894:6:ConverterUnitSystemStructureInit	16	static
main.c:901:6:TrajectoryGenerationStructureInit	16	static
main.c:914:6:VelocityControllerInit	16	static
main.c:923:6:DisplacementControllerInit	16	static
main.c:932:6:TrajectoryGenerationVelocityMaxSetting	16	static
main.c:939:6:TrajectoryGenerationPrepareDATA	8	static
main.c:1013:6:TrajectoryGenerationCalculation	16	static
main.c:1049:6:TrajectoryGenerationProcess	56	static
main.c:1129:6:PIDController2in1	16	static
main.c:1152:6:UARTInit	16	static
main.c:1162:6:UARTResetStart	16	static
main.c:1167:10:UARTGetRxHead	16	static
main.c:1172:9:UARTReadChar	32	static
main.c:1187:6:UARTTxDumpBuffer	24	static
main.c:1214:6:UARTTxWrite	32	static
main.c:1238:6:ACK1Return	24	static
main.c:1246:6:ACK2Return	24	static
main.c:1254:6:DEBUG_UART	24	static
main.c:1262:6:Munmunbot_Protocol	72	static
main.c:1509:6:PID_Reset	4	static
main.c:1520:6:LAMP_ON	16	static
main.c:1542:6:Emergency_switch_trigger	8	static
main.c:1555:6:Controlling_the_LINK	8	static
main.c:1582:6:SETHOME_StateMachine_Function	16	static
main.c:1642:6:PRESETHOME_StateMachine_Function	16	static
main.c:1707:6:Error_Handler	4	static,ignoring_inline_asm
