../Core/Src/main.c:316:5:main	32	static
../Core/Src/main.c:552:6:SystemClock_Config	88	static
../Core/Src/main.c:597:13:MX_I2C1_Init	8	static
../Core/Src/main.c:631:13:MX_TIM1_Init	56	static
../Core/Src/main.c:681:13:MX_TIM2_Init	32	static
../Core/Src/main.c:726:13:MX_TIM3_Init	64	static
../Core/Src/main.c:785:13:MX_USART2_UART_Init	8	static
../Core/Src/main.c:816:13:MX_DMA_Init	16	static
../Core/Src/main.c:837:13:MX_GPIO_Init	48	static
../Core/Src/main.c:919:6:EncoderVelocityAndPosition_Update	64	static
../Core/Src/main.c:964:6:Encoder_SetHome_Position	4	static
../Core/Src/main.c:970:6:HAL_TIM_PeriodElapsedCallback	24	static
../Core/Src/main.c:978:6:HAL_GPIO_EXTI_Callback	16	static
../Core/Src/main.c:1011:10:micros	12	static
../Core/Src/main.c:1016:6:ConverterUnitSystemStructureInit	16	static
../Core/Src/main.c:1023:6:TrajectoryGenerationStructureInit	24	static
../Core/Src/main.c:1039:6:LinkMovingPIDLoad	8	static
../Core/Src/main.c:1054:6:LinkMovingPID45to355Load	8	static
../Core/Src/main.c:1070:6:LinkMovingPID10to45Load	8	static
../Core/Src/main.c:1085:6:LinkMovingPID0to9Load	8	static
../Core/Src/main.c:1100:6:StabilizerPIDLoad	8	static
../Core/Src/main.c:1111:6:VelocityPurePIDLoad	8	static
../Core/Src/main.c:1121:6:TrajectoryGenerationVelocityMaxSetting	16	static
../Core/Src/main.c:1128:6:TrajectoryGenerationPrepareDATA	8	static
../Core/Src/main.c:1205:6:TrajectoryGenerationCalculation	16	static
../Core/Src/main.c:1261:6:TrajectoryGenerationProcess	112	static
../Core/Src/main.c:1404:6:PIDController2in1	16	static
../Core/Src/main.c:1425:6:StabilizerPID	24	static
../Core/Src/main.c:1450:6:PureVeloPID	16	static
../Core/Src/main.c:1465:6:UARTInit	16	static
../Core/Src/main.c:1475:6:UARTResetStart	16	static
../Core/Src/main.c:1480:10:UARTGetRxHead	16	static
../Core/Src/main.c:1485:9:UARTReadChar	32	static
../Core/Src/main.c:1500:6:UARTTxDumpBuffer	24	static
../Core/Src/main.c:1527:6:UARTTxWrite	32	static
../Core/Src/main.c:1551:6:ACK1Return	24	static
../Core/Src/main.c:1559:6:ACK2Return	24	static
../Core/Src/main.c:1567:6:DEBUG_UART	24	static
../Core/Src/main.c:1575:6:Munmunbot_Protocol	72	static
../Core/Src/main.c:1825:6:PID_Reset	4	static
../Core/Src/main.c:1857:6:LAMP_ON	16	static
../Core/Src/main.c:1892:6:Emergency_switch_trigger	8	static
../Core/Src/main.c:1923:6:Controlling_the_LINK	16	static
../Core/Src/main.c:1954:6:Stabilizing_the_LINK	32	static
../Core/Src/main.c:1986:6:Controlling_the_LINK_Velo	32	static
../Core/Src/main.c:2018:6:HackTheLink	32	static
../Core/Src/main.c:2064:6:SETHOME_StateMachine_Function	8	static
../Core/Src/main.c:2090:6:UpdateMunmunBotState	16	static
../Core/Src/main.c:2099:6:EndEffectorDebug	32	static
../Core/Src/main.c:2112:6:EndEffectorWorkingState	32	static
../Core/Src/main.c:2246:6:Error_Handler	4	static,ignoring_inline_asm
