main.c:248:5:main	24	static
main.c:430:6:SystemClock_Config	88	static
main.c:475:13:MX_TIM1_Init	56	static
main.c:525:13:MX_TIM2_Init	32	static
main.c:570:13:MX_TIM3_Init	64	static
main.c:629:13:MX_USART2_UART_Init	8	static
main.c:660:13:MX_DMA_Init	16	static
main.c:681:13:MX_GPIO_Init	48	static
main.c:731:6:EncoderVelocityAndPosition_Update	48	static
main.c:772:6:Encoder_SetHome_Position	4	static
main.c:779:6:HAL_TIM_PeriodElapsedCallback	24	static
main.c:787:10:micros	12	static
main.c:792:6:ConverterUnitSystemStructureInit	16	static
main.c:799:6:TrajectoryGenerationStructureInit	16	static
main.c:812:6:VelocityControllerInit	16	static
main.c:821:6:DisplacementControllerInit	16	static
main.c:830:6:TrajectoryGenerationVelocityMaxSetting	16	static
main.c:837:6:TrajectoryGenerationPrepareDATA	8	static
main.c:894:6:TrajectoryGenerationCalculation	16	static
main.c:930:6:TrajectoryGenerationProcess	56	static
main.c:1010:6:PIDController2in1	16	static
main.c:1033:6:UARTInit	16	static
main.c:1043:6:UARTResetStart	16	static
main.c:1048:10:UARTGetRxHead	16	static
main.c:1053:9:UARTReadChar	32	static
main.c:1068:6:UARTTxDumpBuffer	24	static
main.c:1095:6:UARTTxWrite	32	static
main.c:1119:6:ACK1Return	24	static
main.c:1127:6:ACK2Return	24	static
main.c:1136:6:Munmunbot_Protocol	48	static
main.c:1381:6:Error_Handler	4	static,ignoring_inline_asm
