main.c:267:5:main	32	static
main.c:514:6:SystemClock_Config	88	static
main.c:559:13:MX_I2C1_Init	8	static
main.c:593:13:MX_TIM1_Init	56	static
main.c:643:13:MX_TIM2_Init	32	static
main.c:688:13:MX_TIM3_Init	64	static
main.c:747:13:MX_USART2_UART_Init	8	static
main.c:778:13:MX_DMA_Init	16	static
main.c:799:13:MX_GPIO_Init	48	static
main.c:872:6:EncoderVelocityAndPosition_Update	56	static
main.c:902:6:Encoder_SetHome_Position	4	static
main.c:907:6:HAL_TIM_PeriodElapsedCallback	24	static
main.c:915:10:micros	12	static
main.c:920:6:ConverterUnitSystemStructureInit	16	static
main.c:927:6:TrajectoryGenerationStructureInit	16	static
main.c:940:6:VelocityControllerInit	16	static
main.c:949:6:DisplacementControllerInit	16	static
main.c:958:6:TrajectoryGenerationVelocityMaxSetting	16	static
main.c:965:6:TrajectoryGenerationPrepareDATA	8	static
main.c:1038:6:TrajectoryGenerationCalculation	16	static
main.c:1074:6:TrajectoryGenerationProcess	56	static
main.c:1154:6:PIDController2in1	16	static
main.c:1177:6:UARTInit	16	static
main.c:1187:6:UARTResetStart	16	static
main.c:1192:10:UARTGetRxHead	16	static
main.c:1197:9:UARTReadChar	32	static
main.c:1212:6:UARTTxDumpBuffer	24	static
main.c:1239:6:UARTTxWrite	32	static
main.c:1263:6:ACK1Return	24	static
main.c:1271:6:ACK2Return	24	static
main.c:1279:6:DEBUG_UART	24	static
main.c:1287:6:Munmunbot_Protocol	72	static
main.c:1533:6:PID_Reset	4	static
main.c:1540:6:LAMP_ON	16	static
main.c:1562:6:Emergency_switch_trigger	8	static
main.c:1582:6:Error_Handler	4	static,ignoring_inline_asm
