main.c:164:5:main	16	static
main.c:287:6:SystemClock_Config	88	static
main.c:332:13:MX_TIM1_Init	56	static
main.c:382:13:MX_TIM2_Init	32	static
main.c:427:13:MX_TIM3_Init	64	static
main.c:490:13:MX_USART2_UART_Init	8	static
main.c:523:13:MX_GPIO_Init	48	static
main.c:557:7:EncoderVelocity_Update	48	static
main.c:593:6:HAL_TIM_PeriodElapsedCallback	24	static
main.c:601:10:micros	12	static
main.c:606:6:ConverterUnitSystemStructureInit	16	static
main.c:613:6:TrajectoryGenerationStructureInit	16	static
main.c:622:6:TrajectoryGenerationCalculation	16	static
main.c:658:6:TrajectoryGenerationProcess	152	static
main.c:739:6:Error_Handler	4	static,ignoring_inline_asm
