main.c:251:5:main	24	static
main.c:430:6:SystemClock_Config	88	static
main.c:475:13:MX_TIM1_Init	56	static
main.c:525:13:MX_TIM2_Init	32	static
main.c:570:13:MX_TIM3_Init	64	static
main.c:629:13:MX_USART2_UART_Init	8	static
main.c:660:13:MX_DMA_Init	16	static
main.c:681:13:MX_GPIO_Init	48	static
main.c:731:6:EncoderVelocityAndPosition_Update	48	static
main.c:772:6:Encoder_SetHome_Position	4	static
main.c:777:6:HAL_TIM_PeriodElapsedCallback	24	static
main.c:785:10:micros	12	static
main.c:790:6:ConverterUnitSystemStructureInit	16	static
main.c:797:6:TrajectoryGenerationStructureInit	16	static
main.c:810:6:VelocityControllerInit	16	static
main.c:819:6:DisplacementControllerInit	16	static
main.c:828:6:TrajectoryGenerationVelocityMaxSetting	16	static
main.c:835:6:TrajectoryGenerationPrepareDATA	8	static
main.c:889:6:TrajectoryGenerationCalculation	16	static
main.c:925:6:TrajectoryGenerationProcess	56	static
main.c:1005:6:PIDController2in1	16	static
main.c:1028:6:UARTInit	16	static
main.c:1038:6:UARTResetStart	16	static
main.c:1043:10:UARTGetRxHead	16	static
main.c:1048:9:UARTReadChar	32	static
main.c:1063:6:UARTTxDumpBuffer	24	static
main.c:1090:6:UARTTxWrite	32	static
main.c:1114:6:ACK1Return	24	static
main.c:1122:6:ACK2Return	24	static
main.c:1130:6:DEBUG_UART	24	static
main.c:1138:6:Munmunbot_Protocol	72	static
main.c:1396:6:Error_Handler	4	static,ignoring_inline_asm
