main.c:286:5:main	32	static
main.c:513:6:SystemClock_Config	88	static
main.c:558:13:MX_I2C1_Init	8	static
main.c:592:13:MX_TIM1_Init	56	static
main.c:642:13:MX_TIM2_Init	32	static
main.c:687:13:MX_TIM3_Init	64	static
main.c:746:13:MX_USART2_UART_Init	8	static
main.c:777:13:MX_DMA_Init	16	static
main.c:798:13:MX_GPIO_Init	48	static
main.c:880:6:EncoderVelocityAndPosition_Update	64	static
main.c:924:6:Encoder_SetHome_Position	4	static
main.c:929:6:HAL_TIM_PeriodElapsedCallback	24	static
main.c:937:6:HAL_GPIO_EXTI_Callback	16	static
main.c:969:10:micros	12	static
main.c:974:6:ConverterUnitSystemStructureInit	16	static
main.c:981:6:TrajectoryGenerationStructureInit	16	static
main.c:998:6:VelocityControllerInit	16	static
main.c:1015:6:DisplacementControllerInit	16	static
main.c:1033:6:TrajectoryGenerationVelocityMaxSetting	16	static
main.c:1040:6:TrajectoryGenerationPrepareDATA	8	static
main.c:1117:6:TrajectoryGenerationCalculation	16	static
main.c:1157:6:TrajectoryGenerationProcess	112	static
main.c:1304:6:PIDController2in1	24	static
main.c:1345:6:UARTInit	16	static
main.c:1355:6:UARTResetStart	16	static
main.c:1360:10:UARTGetRxHead	16	static
main.c:1365:9:UARTReadChar	32	static
main.c:1380:6:UARTTxDumpBuffer	24	static
main.c:1407:6:UARTTxWrite	32	static
main.c:1431:6:ACK1Return	24	static
main.c:1439:6:ACK2Return	24	static
main.c:1447:6:DEBUG_UART	24	static
main.c:1455:6:Munmunbot_Protocol	72	static
main.c:1704:6:PID_Reset	4	static
main.c:1726:6:LAMP_ON	16	static
main.c:1761:6:Emergency_switch_trigger	8	static
main.c:1792:6:Controlling_the_LINK	16	static
main.c:1823:6:SETHOME_StateMachine_Function	16	static
main.c:1899:6:Error_Handler	4	static,ignoring_inline_asm
