main.c:288:5:main	32	static
main.c:523:6:SystemClock_Config	88	static
main.c:568:13:MX_I2C1_Init	8	static
main.c:602:13:MX_TIM1_Init	56	static
main.c:652:13:MX_TIM2_Init	32	static
main.c:697:13:MX_TIM3_Init	64	static
main.c:756:13:MX_USART2_UART_Init	8	static
main.c:787:13:MX_DMA_Init	16	static
main.c:808:13:MX_GPIO_Init	48	static
main.c:890:6:EncoderVelocityAndPosition_Update	64	static
main.c:934:6:Encoder_SetHome_Position	4	static
main.c:939:6:HAL_TIM_PeriodElapsedCallback	24	static
main.c:947:6:HAL_GPIO_EXTI_Callback	16	static
main.c:979:10:micros	12	static
main.c:984:6:ConverterUnitSystemStructureInit	16	static
main.c:991:6:TrajectoryGenerationStructureInit	16	static
main.c:1008:6:VelocityControllerInit	16	static
main.c:1025:6:DisplacementControllerInit	16	static
main.c:1043:6:TrajectoryGenerationVelocityMaxSetting	16	static
main.c:1050:6:TrajectoryGenerationPrepareDATA	8	static
main.c:1127:6:TrajectoryGenerationCalculation	16	static
main.c:1167:6:TrajectoryGenerationProcess	112	static
main.c:1314:6:PIDController2in1	4	static
main.c:1386:6:UARTInit	16	static
main.c:1396:6:UARTResetStart	16	static
main.c:1401:10:UARTGetRxHead	16	static
main.c:1406:9:UARTReadChar	32	static
main.c:1421:6:UARTTxDumpBuffer	24	static
main.c:1448:6:UARTTxWrite	32	static
main.c:1472:6:ACK1Return	24	static
main.c:1480:6:ACK2Return	24	static
main.c:1488:6:DEBUG_UART	24	static
main.c:1496:6:Munmunbot_Protocol	72	static
main.c:1745:6:PID_Reset	4	static
main.c:1767:6:LAMP_ON	16	static
main.c:1802:6:Emergency_switch_trigger	8	static
main.c:1833:6:Controlling_the_LINK	16	static
main.c:1864:6:SETHOME_StateMachine_Function	8	static
main.c:1899:6:Error_Handler	4	static,ignoring_inline_asm
