main.c:290:5:main	32	static
main.c:578:6:SystemClock_Config	88	static
main.c:623:13:MX_I2C1_Init	8	static
main.c:657:13:MX_TIM1_Init	56	static
main.c:707:13:MX_TIM2_Init	32	static
main.c:752:13:MX_TIM3_Init	64	static
main.c:811:13:MX_USART2_UART_Init	8	static
main.c:842:13:MX_DMA_Init	16	static
main.c:863:13:MX_GPIO_Init	48	static
main.c:945:6:EncoderVelocityAndPosition_Update	64	static
main.c:989:6:Encoder_SetHome_Position	4	static
main.c:994:6:HAL_TIM_PeriodElapsedCallback	24	static
main.c:1002:6:HAL_GPIO_EXTI_Callback	16	static
main.c:1034:10:micros	12	static
main.c:1039:6:ConverterUnitSystemStructureInit	16	static
main.c:1046:6:TrajectoryGenerationStructureInit	16	static
main.c:1063:6:VelocityControllerInit	16	static
main.c:1080:6:DisplacementControllerInit	16	static
main.c:1098:6:TrajectoryGenerationVelocityMaxSetting	16	static
main.c:1105:6:TrajectoryGenerationPrepareDATA	8	static
main.c:1182:6:TrajectoryGenerationCalculation	16	static
main.c:1222:6:TrajectoryGenerationProcess	112	static
main.c:1369:6:PIDController2in1	16	static
main.c:1441:6:UARTInit	16	static
main.c:1451:6:UARTResetStart	16	static
main.c:1456:10:UARTGetRxHead	16	static
main.c:1461:9:UARTReadChar	32	static
main.c:1476:6:UARTTxDumpBuffer	24	static
main.c:1503:6:UARTTxWrite	32	static
main.c:1527:6:ACK1Return	24	static
main.c:1535:6:ACK2Return	24	static
main.c:1543:6:DEBUG_UART	24	static
main.c:1551:6:Munmunbot_Protocol	72	static
main.c:1800:6:PID_Reset	4	static
main.c:1822:6:LAMP_ON	16	static
main.c:1857:6:Emergency_switch_trigger	8	static
main.c:1888:6:Controlling_the_LINK	16	static
main.c:1919:6:SETHOME_StateMachine_Function	8	static
main.c:1947:6:UpdateMunmunBotState	16	static
main.c:1963:6:Error_Handler	4	static,ignoring_inline_asm
