main.c:171:5:main	32	static
main.c:302:6:SystemClock_Config	88	static
main.c:347:13:MX_TIM1_Init	56	static
main.c:397:13:MX_TIM2_Init	32	static
main.c:442:13:MX_TIM3_Init	64	static
main.c:505:13:MX_USART2_UART_Init	8	static
main.c:538:13:MX_GPIO_Init	48	static
main.c:572:7:EncoderVelocity_Update	48	static
main.c:613:6:HAL_TIM_PeriodElapsedCallback	24	static
main.c:621:10:micros	12	static
main.c:626:6:ConverterUnitSystemStructureInit	16	static
main.c:633:6:TrajectoryGenerationStructureInit	16	static
main.c:646:6:VelocityControllerInit	16	static
main.c:655:6:DisplacementControllerInit	16	static
main.c:665:6:TrajectoryGenerationVelocityMaxSetting	16	static
main.c:671:6:TrajectoryGenerationCalculation	16	static
main.c:707:6:TrajectoryGenerationProcess	56	static
main.c:788:6:PIDController2in1	16	static
main.c:816:6:Error_Handler	4	static,ignoring_inline_asm
