main.c:266:5:main	32	static
main.c:513:6:SystemClock_Config	88	static
main.c:558:13:MX_I2C1_Init	8	static
main.c:592:13:MX_TIM1_Init	56	static
main.c:642:13:MX_TIM2_Init	32	static
main.c:687:13:MX_TIM3_Init	64	static
main.c:746:13:MX_USART2_UART_Init	8	static
main.c:777:13:MX_DMA_Init	16	static
main.c:798:13:MX_GPIO_Init	48	static
main.c:877:6:EncoderVelocityAndPosition_Update	56	static
main.c:907:6:Encoder_SetHome_Position	4	static
main.c:912:6:HAL_TIM_PeriodElapsedCallback	24	static
main.c:920:6:HAL_GPIO_EXTI_Callback	16	static
main.c:928:10:micros	12	static
main.c:933:6:ConverterUnitSystemStructureInit	16	static
main.c:940:6:TrajectoryGenerationStructureInit	16	static
main.c:953:6:VelocityControllerInit	16	static
main.c:962:6:DisplacementControllerInit	16	static
main.c:971:6:TrajectoryGenerationVelocityMaxSetting	16	static
main.c:978:6:TrajectoryGenerationPrepareDATA	8	static
main.c:1051:6:TrajectoryGenerationCalculation	16	static
main.c:1087:6:TrajectoryGenerationProcess	56	static
main.c:1167:6:PIDController2in1	16	static
main.c:1190:6:UARTInit	16	static
main.c:1200:6:UARTResetStart	16	static
main.c:1205:10:UARTGetRxHead	16	static
main.c:1210:9:UARTReadChar	32	static
main.c:1225:6:UARTTxDumpBuffer	24	static
main.c:1252:6:UARTTxWrite	32	static
main.c:1276:6:ACK1Return	24	static
main.c:1284:6:ACK2Return	24	static
main.c:1292:6:DEBUG_UART	24	static
main.c:1300:6:Munmunbot_Protocol	72	static
main.c:1546:6:PID_Reset	4	static
main.c:1553:6:LAMP_ON	16	static
main.c:1575:6:Emergency_switch_trigger	8	static
main.c:1595:6:Error_Handler	4	static,ignoring_inline_asm
