main.c:266:5:main	32	static
main.c:504:6:SystemClock_Config	88	static
main.c:549:13:MX_I2C1_Init	8	static
main.c:583:13:MX_TIM1_Init	56	static
main.c:633:13:MX_TIM2_Init	32	static
main.c:678:13:MX_TIM3_Init	64	static
main.c:737:13:MX_USART2_UART_Init	8	static
main.c:768:13:MX_DMA_Init	16	static
main.c:789:13:MX_GPIO_Init	48	static
main.c:862:6:EncoderVelocityAndPosition_Update	56	static
main.c:892:6:Encoder_SetHome_Position	4	static
main.c:897:6:HAL_TIM_PeriodElapsedCallback	24	static
main.c:905:10:micros	12	static
main.c:910:6:ConverterUnitSystemStructureInit	16	static
main.c:917:6:TrajectoryGenerationStructureInit	16	static
main.c:930:6:VelocityControllerInit	16	static
main.c:939:6:DisplacementControllerInit	16	static
main.c:948:6:TrajectoryGenerationVelocityMaxSetting	16	static
main.c:955:6:TrajectoryGenerationPrepareDATA	8	static
main.c:1028:6:TrajectoryGenerationCalculation	16	static
main.c:1064:6:TrajectoryGenerationProcess	56	static
main.c:1144:6:PIDController2in1	16	static
main.c:1167:6:UARTInit	16	static
main.c:1177:6:UARTResetStart	16	static
main.c:1182:10:UARTGetRxHead	16	static
main.c:1187:9:UARTReadChar	32	static
main.c:1202:6:UARTTxDumpBuffer	24	static
main.c:1229:6:UARTTxWrite	32	static
main.c:1253:6:ACK1Return	24	static
main.c:1261:6:ACK2Return	24	static
main.c:1269:6:DEBUG_UART	24	static
main.c:1277:6:Munmunbot_Protocol	72	static
main.c:1523:6:PID_Reset	4	static
main.c:1530:6:LAMP_ON	16	static
main.c:1559:6:Error_Handler	4	static,ignoring_inline_asm
