main.c:251:5:main	24	static
main.c:429:6:SystemClock_Config	88	static
main.c:474:13:MX_TIM1_Init	56	static
main.c:524:13:MX_TIM2_Init	32	static
main.c:569:13:MX_TIM3_Init	64	static
main.c:628:13:MX_USART2_UART_Init	8	static
main.c:659:13:MX_DMA_Init	16	static
main.c:680:13:MX_GPIO_Init	48	static
main.c:730:6:EncoderVelocityAndPosition_Update	48	static
main.c:771:6:Encoder_SetHome_Position	4	static
main.c:776:6:HAL_TIM_PeriodElapsedCallback	24	static
main.c:784:10:micros	12	static
main.c:789:6:ConverterUnitSystemStructureInit	16	static
main.c:796:6:TrajectoryGenerationStructureInit	16	static
main.c:809:6:VelocityControllerInit	16	static
main.c:818:6:DisplacementControllerInit	16	static
main.c:827:6:TrajectoryGenerationVelocityMaxSetting	16	static
main.c:834:6:TrajectoryGenerationPrepareDATA	8	static
main.c:891:6:TrajectoryGenerationCalculation	16	static
main.c:927:6:TrajectoryGenerationProcess	56	static
main.c:1007:6:PIDController2in1	16	static
main.c:1030:6:UARTInit	16	static
main.c:1040:6:UARTResetStart	16	static
main.c:1045:10:UARTGetRxHead	16	static
main.c:1050:9:UARTReadChar	32	static
main.c:1065:6:UARTTxDumpBuffer	24	static
main.c:1092:6:UARTTxWrite	32	static
main.c:1116:6:ACK1Return	24	static
main.c:1124:6:ACK2Return	24	static
main.c:1132:6:DEBUG_UART	24	static
main.c:1141:6:Munmunbot_Protocol	72	static
main.c:1396:6:Error_Handler	4	static,ignoring_inline_asm
