main.c:277:5:main	32	static
main.c:467:6:SystemClock_Config	88	static
main.c:512:13:MX_I2C1_Init	8	static
main.c:546:13:MX_TIM1_Init	56	static
main.c:596:13:MX_TIM2_Init	32	static
main.c:641:13:MX_TIM3_Init	64	static
main.c:700:13:MX_USART2_UART_Init	8	static
main.c:731:13:MX_DMA_Init	16	static
main.c:752:13:MX_GPIO_Init	48	static
main.c:831:6:EncoderVelocityAndPosition_Update	56	static
main.c:861:6:Encoder_SetHome_Position	4	static
main.c:866:6:HAL_TIM_PeriodElapsedCallback	24	static
main.c:874:6:HAL_GPIO_EXTI_Callback	16	static
main.c:919:10:micros	12	static
main.c:924:6:ConverterUnitSystemStructureInit	16	static
main.c:931:6:TrajectoryGenerationStructureInit	16	static
main.c:944:6:VelocityControllerInit	16	static
main.c:953:6:DisplacementControllerInit	16	static
main.c:962:6:TrajectoryGenerationVelocityMaxSetting	16	static
main.c:969:6:TrajectoryGenerationPrepareDATA	8	static
main.c:1042:6:TrajectoryGenerationCalculation	16	static
main.c:1078:6:TrajectoryGenerationProcess	56	static
main.c:1158:6:PIDController2in1	16	static
main.c:1181:6:UARTInit	16	static
main.c:1191:6:UARTResetStart	16	static
main.c:1196:10:UARTGetRxHead	16	static
main.c:1201:9:UARTReadChar	32	static
main.c:1216:6:UARTTxDumpBuffer	24	static
main.c:1243:6:UARTTxWrite	32	static
main.c:1267:6:ACK1Return	24	static
main.c:1275:6:ACK2Return	24	static
main.c:1283:6:DEBUG_UART	24	static
main.c:1291:6:Munmunbot_Protocol	72	static
main.c:1539:6:PID_Reset	4	static
main.c:1550:6:LAMP_ON	16	static
main.c:1572:6:Emergency_switch_trigger	4	static
main.c:1585:6:Controlling_the_LINK	16	static
main.c:1616:6:SETHOME_StateMachine_Function	16	static
main.c:1685:6:PRESETHOME_StateMachine_Function	16	static
main.c:1750:6:Error_Handler	4	static,ignoring_inline_asm
