main.c:172:5:main	32	static
main.c:309:6:SystemClock_Config	88	static
main.c:354:13:MX_TIM1_Init	56	static
main.c:404:13:MX_TIM2_Init	32	static
main.c:449:13:MX_TIM3_Init	64	static
main.c:512:13:MX_USART2_UART_Init	8	static
main.c:545:13:MX_GPIO_Init	48	static
main.c:579:7:EncoderVelocity_Update	48	static
main.c:620:6:HAL_TIM_PeriodElapsedCallback	24	static
main.c:628:10:micros	12	static
main.c:633:6:ConverterUnitSystemStructureInit	16	static
main.c:640:6:TrajectoryGenerationStructureInit	16	static
main.c:653:6:VelocityControllerInit	16	static
main.c:662:6:DisplacementControllerInit	16	static
main.c:672:6:TrajectoryGenerationVelocityMaxSetting	16	static
main.c:678:6:TrajectoryGenerationCalculation	16	static
main.c:714:6:TrajectoryGenerationProcess	56	static
main.c:795:6:PIDController2in1	16	static
main.c:823:6:Error_Handler	4	static,ignoring_inline_asm
