main.c:166:5:main	32	static
main.c:294:6:SystemClock_Config	88	static
main.c:339:13:MX_TIM1_Init	56	static
main.c:389:13:MX_TIM2_Init	32	static
main.c:434:13:MX_TIM3_Init	64	static
main.c:497:13:MX_USART2_UART_Init	8	static
main.c:530:13:MX_GPIO_Init	48	static
main.c:564:7:EncoderVelocity_Update	48	static
main.c:600:6:HAL_TIM_PeriodElapsedCallback	24	static
main.c:608:10:micros	12	static
main.c:613:6:ConverterUnitSystemStructureInit	16	static
main.c:620:6:TrajectoryGenerationStructureInit	16	static
main.c:633:6:TrajectoryGenerationVelocityMaxSetting	16	static
main.c:639:6:TrajectoryGenerationCalculation	16	static
main.c:675:6:TrajectoryGenerationProcess	56	static
main.c:766:6:Error_Handler	4	static,ignoring_inline_asm
