main.c:248:5:main	24	static
main.c:428:6:SystemClock_Config	88	static
main.c:473:13:MX_TIM1_Init	56	static
main.c:523:13:MX_TIM2_Init	32	static
main.c:568:13:MX_TIM3_Init	64	static
main.c:627:13:MX_USART2_UART_Init	8	static
main.c:658:13:MX_DMA_Init	16	static
main.c:679:13:MX_GPIO_Init	48	static
main.c:729:6:EncoderVelocityAndPosition_Update	48	static
main.c:767:6:HAL_TIM_PeriodElapsedCallback	24	static
main.c:775:10:micros	12	static
main.c:780:6:ConverterUnitSystemStructureInit	16	static
main.c:787:6:TrajectoryGenerationStructureInit	16	static
main.c:800:6:VelocityControllerInit	16	static
main.c:809:6:DisplacementControllerInit	16	static
main.c:818:6:TrajectoryGenerationVelocityMaxSetting	16	static
main.c:825:6:TrajectoryGenerationPrepareDATA	8	static
main.c:882:6:TrajectoryGenerationCalculation	16	static
main.c:918:6:TrajectoryGenerationProcess	56	static
main.c:997:6:PIDController2in1	16	static
main.c:1019:6:UARTInit	16	static
main.c:1029:6:UARTResetStart	16	static
main.c:1034:10:UARTGetRxHead	16	static
main.c:1039:9:UARTReadChar	32	static
main.c:1054:6:UARTTxDumpBuffer	24	static
main.c:1081:6:UARTTxWrite	32	static
main.c:1105:6:ACK1Return	24	static
main.c:1113:6:ACK2Return	24	static
main.c:1122:6:Munmunbot_Protocol	48	static
main.c:1355:6:Error_Handler	4	static,ignoring_inline_asm
