main.c:254:5:main	24	static
main.c:434:6:SystemClock_Config	88	static
main.c:479:13:MX_I2C1_Init	8	static
main.c:513:13:MX_TIM1_Init	56	static
main.c:563:13:MX_TIM2_Init	32	static
main.c:608:13:MX_TIM3_Init	64	static
main.c:667:13:MX_USART2_UART_Init	8	static
main.c:698:13:MX_DMA_Init	16	static
main.c:719:13:MX_GPIO_Init	48	static
main.c:769:6:EncoderVelocityAndPosition_Update	48	static
main.c:810:6:Encoder_SetHome_Position	4	static
main.c:815:6:HAL_TIM_PeriodElapsedCallback	24	static
main.c:823:10:micros	12	static
main.c:828:6:ConverterUnitSystemStructureInit	16	static
main.c:835:6:TrajectoryGenerationStructureInit	16	static
main.c:848:6:VelocityControllerInit	16	static
main.c:857:6:DisplacementControllerInit	16	static
main.c:866:6:TrajectoryGenerationVelocityMaxSetting	16	static
main.c:873:6:TrajectoryGenerationPrepareDATA	8	static
main.c:927:6:TrajectoryGenerationCalculation	16	static
main.c:963:6:TrajectoryGenerationProcess	56	static
main.c:1043:6:PIDController2in1	16	static
main.c:1066:6:UARTInit	16	static
main.c:1076:6:UARTResetStart	16	static
main.c:1081:10:UARTGetRxHead	16	static
main.c:1086:9:UARTReadChar	32	static
main.c:1101:6:UARTTxDumpBuffer	24	static
main.c:1128:6:UARTTxWrite	32	static
main.c:1152:6:ACK1Return	24	static
main.c:1160:6:ACK2Return	24	static
main.c:1168:6:DEBUG_UART	24	static
main.c:1176:6:Munmunbot_Protocol	72	static
main.c:1434:6:Error_Handler	4	static,ignoring_inline_asm
