main.c:261:5:main	32	static
main.c:490:6:SystemClock_Config	88	static
main.c:535:13:MX_I2C1_Init	8	static
main.c:569:13:MX_TIM1_Init	56	static
main.c:619:13:MX_TIM2_Init	32	static
main.c:664:13:MX_TIM3_Init	64	static
main.c:723:13:MX_USART2_UART_Init	8	static
main.c:754:13:MX_DMA_Init	16	static
main.c:775:13:MX_GPIO_Init	48	static
main.c:825:6:EncoderVelocityAndPosition_Update	56	static
main.c:855:6:Encoder_SetHome_Position	4	static
main.c:860:6:HAL_TIM_PeriodElapsedCallback	24	static
main.c:868:10:micros	12	static
main.c:873:6:ConverterUnitSystemStructureInit	16	static
main.c:880:6:TrajectoryGenerationStructureInit	16	static
main.c:893:6:VelocityControllerInit	16	static
main.c:902:6:DisplacementControllerInit	16	static
main.c:911:6:TrajectoryGenerationVelocityMaxSetting	16	static
main.c:918:6:TrajectoryGenerationPrepareDATA	8	static
main.c:991:6:TrajectoryGenerationCalculation	16	static
main.c:1027:6:TrajectoryGenerationProcess	56	static
main.c:1107:6:PIDController2in1	16	static
main.c:1130:6:UARTInit	16	static
main.c:1140:6:UARTResetStart	16	static
main.c:1145:10:UARTGetRxHead	16	static
main.c:1150:9:UARTReadChar	32	static
main.c:1165:6:UARTTxDumpBuffer	24	static
main.c:1192:6:UARTTxWrite	32	static
main.c:1216:6:ACK1Return	24	static
main.c:1224:6:ACK2Return	24	static
main.c:1232:6:DEBUG_UART	24	static
main.c:1240:6:Munmunbot_Protocol	72	static
main.c:1493:6:Error_Handler	4	static,ignoring_inline_asm
