main.c:258:5:main	32	static
main.c:462:6:SystemClock_Config	88	static
main.c:507:13:MX_I2C1_Init	8	static
main.c:541:13:MX_TIM1_Init	56	static
main.c:591:13:MX_TIM2_Init	32	static
main.c:636:13:MX_TIM3_Init	64	static
main.c:695:13:MX_USART2_UART_Init	8	static
main.c:726:13:MX_DMA_Init	16	static
main.c:747:13:MX_GPIO_Init	48	static
main.c:797:6:EncoderVelocityAndPosition_Update	56	static
main.c:827:6:Encoder_SetHome_Position	4	static
main.c:832:6:HAL_TIM_PeriodElapsedCallback	24	static
main.c:840:10:micros	12	static
main.c:845:6:ConverterUnitSystemStructureInit	16	static
main.c:852:6:TrajectoryGenerationStructureInit	16	static
main.c:865:6:VelocityControllerInit	16	static
main.c:874:6:DisplacementControllerInit	16	static
main.c:883:6:TrajectoryGenerationVelocityMaxSetting	16	static
main.c:890:6:TrajectoryGenerationPrepareDATA	8	static
main.c:963:6:TrajectoryGenerationCalculation	16	static
main.c:999:6:TrajectoryGenerationProcess	56	static
main.c:1079:6:PIDController2in1	16	static
main.c:1102:6:UARTInit	16	static
main.c:1112:6:UARTResetStart	16	static
main.c:1117:10:UARTGetRxHead	16	static
main.c:1122:9:UARTReadChar	32	static
main.c:1137:6:UARTTxDumpBuffer	24	static
main.c:1164:6:UARTTxWrite	32	static
main.c:1188:6:ACK1Return	24	static
main.c:1196:6:ACK2Return	24	static
main.c:1204:6:DEBUG_UART	24	static
main.c:1212:6:Munmunbot_Protocol	72	static
main.c:1465:6:Error_Handler	4	static,ignoring_inline_asm
