main.c:224:5:main	24	static
main.c:374:6:SystemClock_Config	88	static
main.c:419:13:MX_TIM1_Init	56	static
main.c:469:13:MX_TIM2_Init	32	static
main.c:514:13:MX_TIM3_Init	64	static
main.c:577:13:MX_USART2_UART_Init	8	static
main.c:608:13:MX_DMA_Init	16	static
main.c:629:13:MX_GPIO_Init	48	static
main.c:663:7:EncoderVelocity_Update	48	static
main.c:704:6:HAL_TIM_PeriodElapsedCallback	24	static
main.c:712:10:micros	12	static
main.c:717:6:ConverterUnitSystemStructureInit	16	static
main.c:724:6:TrajectoryGenerationStructureInit	16	static
main.c:737:6:VelocityControllerInit	16	static
main.c:746:6:DisplacementControllerInit	16	static
main.c:756:6:TrajectoryGenerationVelocityMaxSetting	16	static
main.c:764:6:TrajectoryGenerationCalculation	16	static
main.c:800:6:PrepareDATAProcess	4	static
main.c:807:6:TrajectoryGenerationProcess	56	static
main.c:888:6:PIDController2in1	16	static
main.c:911:6:UARTInit	16	static
main.c:921:6:UARTResetStart	16	static
main.c:926:10:UARTGetRxHead	16	static
main.c:931:9:UARTReadChar	32	static
main.c:946:6:UARTTxDumpBuffer	24	static
main.c:973:6:UARTTxWrite	32	static
main.c:997:6:ACK1Return	24	static
main.c:1005:6:ACK2Return	24	static
main.c:1014:6:Munmunbot_Protocol	40	static
main.c:1230:6:Error_Handler	4	static,ignoring_inline_asm
