main.c:224:5:main	24	static
main.c:375:6:SystemClock_Config	88	static
main.c:420:13:MX_TIM1_Init	56	static
main.c:470:13:MX_TIM2_Init	32	static
main.c:515:13:MX_TIM3_Init	64	static
main.c:578:13:MX_USART2_UART_Init	8	static
main.c:609:13:MX_DMA_Init	16	static
main.c:630:13:MX_GPIO_Init	48	static
main.c:664:7:EncoderVelocity_Update	48	static
main.c:705:6:HAL_TIM_PeriodElapsedCallback	24	static
main.c:713:10:micros	12	static
main.c:718:6:ConverterUnitSystemStructureInit	16	static
main.c:725:6:TrajectoryGenerationStructureInit	16	static
main.c:738:6:VelocityControllerInit	16	static
main.c:747:6:DisplacementControllerInit	16	static
main.c:757:6:TrajectoryGenerationVelocityMaxSetting	16	static
main.c:765:6:TrajectoryGenerationCalculation	16	static
main.c:801:6:PrepareDATAProcess	4	static
main.c:808:6:TrajectoryGenerationProcess	56	static
main.c:889:6:PIDController2in1	16	static
main.c:912:6:UARTInit	16	static
main.c:922:6:UARTResetStart	16	static
main.c:927:10:UARTGetRxHead	16	static
main.c:932:9:UARTReadChar	32	static
main.c:947:6:UARTTxDumpBuffer	24	static
main.c:974:6:UARTTxWrite	32	static
main.c:998:6:ACK1Return	24	static
main.c:1006:6:ACK2Return	24	static
main.c:1015:6:Munmunbot_Protocol	40	static
main.c:1236:6:Error_Handler	4	static,ignoring_inline_asm
