../Core/Src/main.c:317:5:main	32	static
../Core/Src/main.c:565:6:SystemClock_Config	88	static
../Core/Src/main.c:612:13:MX_I2C1_Init	8	static
../Core/Src/main.c:646:13:MX_TIM1_Init	56	static
../Core/Src/main.c:696:13:MX_TIM2_Init	32	static
../Core/Src/main.c:741:13:MX_TIM3_Init	64	static
../Core/Src/main.c:800:13:MX_USART2_UART_Init	8	static
../Core/Src/main.c:831:13:MX_DMA_Init	16	static
../Core/Src/main.c:852:13:MX_GPIO_Init	48	static
../Core/Src/main.c:934:6:EncoderVelocityAndPosition_Update	64	static
../Core/Src/main.c:979:6:Encoder_SetHome_Position	4	static
../Core/Src/main.c:985:6:HAL_TIM_PeriodElapsedCallback	24	static
../Core/Src/main.c:993:6:HAL_GPIO_EXTI_Callback	16	static
../Core/Src/main.c:1026:10:micros	12	static
../Core/Src/main.c:1031:6:ConverterUnitSystemStructureInit	16	static
../Core/Src/main.c:1038:6:TrajectoryGenerationStructureInit	24	static
../Core/Src/main.c:1054:6:LinkMovingPIDLoad	8	static
../Core/Src/main.c:1069:6:LinkMovingPID45to355Load	8	static
../Core/Src/main.c:1085:6:LinkMovingPID10to45Load	8	static
../Core/Src/main.c:1100:6:LinkMovingPID0to9Load	8	static
../Core/Src/main.c:1115:6:StabilizerPIDLoad	8	static
../Core/Src/main.c:1126:6:VelocityPurePIDLoad	8	static
../Core/Src/main.c:1136:6:VelocityPurePIDLoadNoMass	8	static
../Core/Src/main.c:1146:6:TrajectoryGenerationVelocityMaxSetting	16	static
../Core/Src/main.c:1153:6:TrajectoryGenerationPrepareDATA	8	static
../Core/Src/main.c:1230:6:TrajectoryGenerationCalculation	16	static
../Core/Src/main.c:1286:6:TrajectoryGenerationProcess	112	static
../Core/Src/main.c:1429:6:PIDController2in1	16	static
../Core/Src/main.c:1450:6:StabilizerPID	24	static
../Core/Src/main.c:1475:6:PureVeloPID	16	static
../Core/Src/main.c:1490:6:UARTInit	16	static
../Core/Src/main.c:1500:6:UARTResetStart	16	static
../Core/Src/main.c:1505:10:UARTGetRxHead	16	static
../Core/Src/main.c:1510:9:UARTReadChar	32	static
../Core/Src/main.c:1525:6:UARTTxDumpBuffer	24	static
../Core/Src/main.c:1552:6:UARTTxWrite	32	static
../Core/Src/main.c:1576:6:ACK1Return	24	static
../Core/Src/main.c:1584:6:ACK2Return	24	static
../Core/Src/main.c:1592:6:DEBUG_UART	24	static
../Core/Src/main.c:1600:6:Munmunbot_Protocol	72	static
../Core/Src/main.c:1850:6:PID_Reset	4	static
../Core/Src/main.c:1882:6:LAMP_ON	16	static
../Core/Src/main.c:1917:6:Emergency_switch_trigger	8	static
../Core/Src/main.c:1948:6:Controlling_the_LINK	16	static
../Core/Src/main.c:1979:6:Stabilizing_the_LINK	32	static
../Core/Src/main.c:2011:6:Controlling_the_LINK_Velo	32	static
../Core/Src/main.c:2043:6:HackTheLink	32	static
../Core/Src/main.c:2089:6:SETHOME_StateMachine_Function	8	static
../Core/Src/main.c:2115:6:UpdateMunmunBotState	16	static
../Core/Src/main.c:2124:6:EndEffectorDebug	32	static
../Core/Src/main.c:2137:6:EndEffectorWorkingState	32	static
../Core/Src/main.c:2270:6:Error_Handler	4	static,ignoring_inline_asm
