Archive member included to satisfy reference by file (symbol)

c:/st/stm32cubeide_1.5.1/stm32cubeide/plugins/com.st.stm32cube.ide.mcu.externaltools.gnu-tools-for-stm32.9-2020-q2-update.win32_1.5.0.202011040924/tools/bin/../lib/gcc/arm-none-eabi/9.3.1/../../../../arm-none-eabi/lib/thumb/v7e-m+fp/hard\libc_nano.a(lib_a-calloc.o)
                              Core/Src/main.o (calloc)
c:/st/stm32cubeide_1.5.1/stm32cubeide/plugins/com.st.stm32cube.ide.mcu.externaltools.gnu-tools-for-stm32.9-2020-q2-update.win32_1.5.0.202011040924/tools/bin/../lib/gcc/arm-none-eabi/9.3.1/../../../../arm-none-eabi/lib/thumb/v7e-m+fp/hard\libc_nano.a(lib_a-errno.o)
                              Core/Src/syscalls.o (__errno)
c:/st/stm32cubeide_1.5.1/stm32cubeide/plugins/com.st.stm32cube.ide.mcu.externaltools.gnu-tools-for-stm32.9-2020-q2-update.win32_1.5.0.202011040924/tools/bin/../lib/gcc/arm-none-eabi/9.3.1/../../../../arm-none-eabi/lib/thumb/v7e-m+fp/hard\libc_nano.a(lib_a-exit.o)
                              c:/st/stm32cubeide_1.5.1/stm32cubeide/plugins/com.st.stm32cube.ide.mcu.externaltools.gnu-tools-for-stm32.9-2020-q2-update.win32_1.5.0.202011040924/tools/bin/../lib/gcc/arm-none-eabi/9.3.1/../../../../arm-none-eabi/lib/thumb/v7e-m+fp/hard/crt0.o (exit)
c:/st/stm32cubeide_1.5.1/stm32cubeide/plugins/com.st.stm32cube.ide.mcu.externaltools.gnu-tools-for-stm32.9-2020-q2-update.win32_1.5.0.202011040924/tools/bin/../lib/gcc/arm-none-eabi/9.3.1/../../../../arm-none-eabi/lib/thumb/v7e-m+fp/hard\libc_nano.a(lib_a-impure.o)
                              c:/st/stm32cubeide_1.5.1/stm32cubeide/plugins/com.st.stm32cube.ide.mcu.externaltools.gnu-tools-for-stm32.9-2020-q2-update.win32_1.5.0.202011040924/tools/bin/../lib/gcc/arm-none-eabi/9.3.1/../../../../arm-none-eabi/lib/thumb/v7e-m+fp/hard\libc_nano.a(lib_a-exit.o) (_global_impure_ptr)
c:/st/stm32cubeide_1.5.1/stm32cubeide/plugins/com.st.stm32cube.ide.mcu.externaltools.gnu-tools-for-stm32.9-2020-q2-update.win32_1.5.0.202011040924/tools/bin/../lib/gcc/arm-none-eabi/9.3.1/../../../../arm-none-eabi/lib/thumb/v7e-m+fp/hard\libc_nano.a(lib_a-init.o)
                              c:/st/stm32cubeide_1.5.1/stm32cubeide/plugins/com.st.stm32cube.ide.mcu.externaltools.gnu-tools-for-stm32.9-2020-q2-update.win32_1.5.0.202011040924/tools/bin/../lib/gcc/arm-none-eabi/9.3.1/../../../../arm-none-eabi/lib/thumb/v7e-m+fp/hard/crt0.o (__libc_init_array)
c:/st/stm32cubeide_1.5.1/stm32cubeide/plugins/com.st.stm32cube.ide.mcu.externaltools.gnu-tools-for-stm32.9-2020-q2-update.win32_1.5.0.202011040924/tools/bin/../lib/gcc/arm-none-eabi/9.3.1/../../../../arm-none-eabi/lib/thumb/v7e-m+fp/hard\libc_nano.a(lib_a-memcpy-stub.o)
                              Core/Src/main.o (memcpy)
c:/st/stm32cubeide_1.5.1/stm32cubeide/plugins/com.st.stm32cube.ide.mcu.externaltools.gnu-tools-for-stm32.9-2020-q2-update.win32_1.5.0.202011040924/tools/bin/../lib/gcc/arm-none-eabi/9.3.1/../../../../arm-none-eabi/lib/thumb/v7e-m+fp/hard\libc_nano.a(lib_a-memset.o)
                              c:/st/stm32cubeide_1.5.1/stm32cubeide/plugins/com.st.stm32cube.ide.mcu.externaltools.gnu-tools-for-stm32.9-2020-q2-update.win32_1.5.0.202011040924/tools/bin/../lib/gcc/arm-none-eabi/9.3.1/../../../../arm-none-eabi/lib/thumb/v7e-m+fp/hard/crt0.o (memset)
c:/st/stm32cubeide_1.5.1/stm32cubeide/plugins/com.st.stm32cube.ide.mcu.externaltools.gnu-tools-for-stm32.9-2020-q2-update.win32_1.5.0.202011040924/tools/bin/../lib/gcc/arm-none-eabi/9.3.1/../../../../arm-none-eabi/lib/thumb/v7e-m+fp/hard\libc_nano.a(lib_a-nano-callocr.o)
                              c:/st/stm32cubeide_1.5.1/stm32cubeide/plugins/com.st.stm32cube.ide.mcu.externaltools.gnu-tools-for-stm32.9-2020-q2-update.win32_1.5.0.202011040924/tools/bin/../lib/gcc/arm-none-eabi/9.3.1/../../../../arm-none-eabi/lib/thumb/v7e-m+fp/hard\libc_nano.a(lib_a-calloc.o) (_calloc_r)
c:/st/stm32cubeide_1.5.1/stm32cubeide/plugins/com.st.stm32cube.ide.mcu.externaltools.gnu-tools-for-stm32.9-2020-q2-update.win32_1.5.0.202011040924/tools/bin/../lib/gcc/arm-none-eabi/9.3.1/../../../../arm-none-eabi/lib/thumb/v7e-m+fp/hard\libc_nano.a(lib_a-nano-mallocr.o)
                              c:/st/stm32cubeide_1.5.1/stm32cubeide/plugins/com.st.stm32cube.ide.mcu.externaltools.gnu-tools-for-stm32.9-2020-q2-update.win32_1.5.0.202011040924/tools/bin/../lib/gcc/arm-none-eabi/9.3.1/../../../../arm-none-eabi/lib/thumb/v7e-m+fp/hard\libc_nano.a(lib_a-nano-callocr.o) (_malloc_r)
c:/st/stm32cubeide_1.5.1/stm32cubeide/plugins/com.st.stm32cube.ide.mcu.externaltools.gnu-tools-for-stm32.9-2020-q2-update.win32_1.5.0.202011040924/tools/bin/../lib/gcc/arm-none-eabi/9.3.1/../../../../arm-none-eabi/lib/thumb/v7e-m+fp/hard\libc_nano.a(lib_a-sbrkr.o)
[...]
Memory Configuration

Name             Origin             Length             Attributes
RAM              0x0000000020000000 0x0000000000020000 xrw
FLASH            0x0000000008000000 0x0000000000080000 xr
*default*        0x0000000000000000 0xffffffffffffffff

Linker script and memory map

LOAD c:/st/stm32cubeide_1.5.1/stm32cubeide/plugins/com.st.stm32cube.ide.mcu.externaltools.gnu-tools-for-stm32.9-2020-q2-update.win32_1.5.0.202011040924/tools/bin/../lib/gcc/arm-none-eabi/9.3.1/thumb/v7e-m+fp/hard/crti.o
LOAD c:/st/stm32cubeide_1.5.1/stm32cubeide/plugins/com.st.stm32cube.ide.mcu.externaltools.gnu-tools-for-stm32.9-2020-q2-update.win32_1.5.0.202011040924/tools/bin/../lib/gcc/arm-none-eabi/9.3.1/thumb/v7e-m+fp/hard/crtbegin.o
LOAD c:/st/stm32cubeide_1.5.1/stm32cubeide/plugins/com.st.stm32cube.ide.mcu.externaltools.gnu-tools-for-stm32.9-2020-q2-update.win32_1.5.0.202011040924/tools/bin/../lib/gcc/arm-none-eabi/9.3.1/../../../../arm-none-eabi/lib/thumb/v7e-m+fp/hard/crt0.o
LOAD Core/Src/main.o
LOAD Core/Src/stm32f4xx_hal_msp.o
LOAD Core/Src/stm32f4xx_it.o
LOAD Core/Src/syscalls.o
LOAD Core/Src/sysmem.o
LOAD Core/Src/system_stm32f4xx.o
LOAD Core/Startup/startup_stm32f411retx.o
LOAD Drivers/STM32F4xx_HAL_Driver/Src/stm32f4xx_hal.o
LOAD Drivers/STM32F4xx_HAL_Driver/Src/stm32f4xx_hal_cortex.o
LOAD Drivers/STM32F4xx_HAL_Driver/Src/stm32f4xx_hal_dma.o
LOAD Drivers/STM32F4xx_HAL_Driver/Src/stm32f4xx_hal_dma_ex.o
LOAD Drivers/STM32F4xx_HAL_Driver/Src/stm32f4xx_hal_exti.o
LOAD Drivers/STM32F4xx_HAL_Driver/Src/stm32f4xx_hal_flash.o
LOAD Drivers/STM32F4xx_HAL_Driver/Src/stm32f4xx_hal_flash_ex.o
LOAD Drivers/STM32F4xx_HAL_Driver/Src/stm32f4xx_hal_flash_ramfunc.o
LOAD Drivers/STM32F4xx_HAL_Driver/Src/stm32f4xx_hal_gpio.o
LOAD Drivers/STM32F4xx_HAL_Driver/Src/stm32f4xx_hal_i2c.o
LOAD Drivers/STM32F4xx_HAL_Driver/Src/stm32f4xx_hal_i2c_ex.o
LOAD Drivers/STM32F4xx_HAL_Driver/Src/stm32f4xx_hal_pwr.o
LOAD Drivers/STM32F4xx_HAL_Driver/Src/stm32f4xx_hal_pwr_ex.o
LOAD Drivers/STM32F4xx_HAL_Driver/Src/stm32f4xx_hal_rcc.o
LOAD Drivers/STM32F4xx_HAL_Driver/Src/stm32f4xx_hal_rcc_ex.o
LOAD Drivers/STM32F4xx_HAL_Driver/Src/stm32f4xx_hal_tim.o
LOAD Drivers/STM32F4xx_HAL_Driver/Src/stm32f4xx_hal_tim_ex.o
LOAD Drivers/STM32F4xx_HAL_Driver/Src/stm32f4xx_hal_uart.o
START GROUP
LOAD c:/st/stm32cubeide_1.5.1/stm32cubeide/plugins/com.st.stm32cube.ide.mcu.externaltools.gnu-tools-for-stm32.9-2020-q2-update.win32_1.5.0.202011040924/tools/bin/../lib/gcc/arm-none-eabi/9.3.1/../../../../arm-none-eabi/lib/thumb/v7e-m+fp/hard\libc_nano.a
LOAD c:/st/stm32cubeide_1.5.1/stm32cubeide/plugins/com.st.stm32cube.ide.mcu.externaltools.gnu-tools-for-stm32.9-2020-q2-update.win32_1.5.0.202011040924/tools/bin/../lib/gcc/arm-none-eabi/9.3.1/../../../../arm-none-eabi/lib/thumb/v7e-m+fp/hard\libm.a
END GROUP
START GROUP
LOAD c:/st/stm32cubeide_1.5.1/stm32cubeide/plugins/com.st.stm32cube.ide.mcu.externaltools.gnu-tools-for-stm32.9-2020-q2-update.win32_1.5.0.202011040924/tools/bin/../lib/gcc/arm-none-eabi/9.3.1/thumb/v7e-m+fp/hard\libgcc.a
LOAD c:/st/stm32cubeide_1.5.1/stm32cubeide/plugins/com.st.stm32cube.ide.mcu.externaltools.gnu-tools-for-stm32.9-2020-q2-update.win32_1.5.0.202011040924/tools/bin/../lib/gcc/arm-none-eabi/9.3.1/../../../../arm-none-eabi/lib/thumb/v7e-m+fp/hard\libc_nano.a
END GROUP
START GROUP
LOAD c:/st/stm32cubeide_1.5.1/stm32cubeide/plugins/com.st.stm32cube.ide.mcu.externaltools.gnu-tools-for-stm32.9-2020-q2-update.win32_1.5.0.202011040924/tools/bin/../lib/gcc/arm-none-eabi/9.3.1/thumb/v7e-m+fp/hard\libgcc.a
LOAD c:/st/stm32cubeide_1.5.1/stm32cubeide/plugins/com.st.stm32cube.ide.mcu.externaltools.gnu-tools-for-stm32.9-2020-q2-update.win32_1.5.0.202011040924/tools/bin/../lib/gcc/arm-none-eabi/9.3.1/../../../../arm-none-eabi/lib/thumb/v7e-m+fp/hard\libc_nano.a
LOAD c:/st/stm32cubeide_1.5.1/stm32cubeide/plugins/com.st.stm32cube.ide.mcu.externaltools.gnu-tools-for-stm32.9-2020-q2-update.win32_1.5.0.202011040924/tools/bin/../lib/gcc/arm-none-eabi/9.3.1/../../../../arm-none-eabi/lib/thumb/v7e-m+fp/hard\libnosys.a
END GROUP
START GROUP
LOAD c:/st/stm32cubeide_1.5.1/stm32cubeide/plugins/com.st.stm32cube.ide.mcu.externaltools.gnu-tools-for-stm32.9-2020-q2-update.win32_1.5.0.202011040924/tools/bin/../lib/gcc/arm-none-eabi/9.3.1/thumb/v7e-m+fp/hard\libgcc.a
LOAD c:/st/stm32cubeide_1.5.1/stm32cubeide/plugins/com.st.stm32cube.ide.mcu.externaltools.gnu-tools-for-stm32.9-2020-q2-update.win32_1.5.0.202011040924/tools/bin/../lib/gcc/arm-none-eabi/9.3.1/../../../../arm-none-eabi/lib/thumb/v7e-m+fp/hard\libc_nano.a
LOAD c:/st/stm32cubeide_1.5.1/stm32cubeide/plugins/com.st.stm32cube.ide.mcu.externaltools.gnu-tools-for-stm32.9-2020-q2-update.win32_1.5.0.202011040924/tools/bin/../lib/gcc/arm-none-eabi/9.3.1/../../../../arm-none-eabi/lib/thumb/v7e-m+fp/hard\libnosys.a
END GROUP
LOAD c:/st/stm32cubeide_1.5.1/stm32cubeide/plugins/com.st.stm32cube.ide.mcu.externaltools.gnu-tools-for-stm32.9-2020-q2-update.win32_1.5.0.202011040924/tools/bin/../lib/gcc/arm-none-eabi/9.3.1/thumb/v7e-m+fp/hard/crtend.o
LOAD c:/st/stm32cubeide_1.5.1/stm32cubeide/plugins/com.st.stm32cube.ide.mcu.externaltools.gnu-tools-for-stm32.9-2020-q2-update.win32_1.5.0.202011040924/tools/bin/../lib/gcc/arm-none-eabi/9.3.1/thumb/v7e-m+fp/hard/crtn.o
                0x0000000020020000                _estack = (ORIGIN (RAM) + LENGTH (RAM))
                0x0000000000000200                _Min_Heap_Size = 0x200
                0x0000000000000400                _Min_Stack_Size = 0x400

.isr_vector     0x0000000008000000      0x198
                0x0000000008000000                . = ALIGN (0x4)
 *(.isr_vector)
 .isr_vector    0x0000000008000000      0x198 Core/Startup/startup_stm32f411retx.o
                0x0000000008000000                g_pfnVectors
                0x0000000008000198                . = ALIGN (0x4)

.text           0x0000000008000198     0x9b80
                0x0000000008000198                . = ALIGN (0x4)
 *(.text)
 .text          0x0000000008000198       0x40 c:/st/stm32cubeide_1.5.1/stm32cubeide/plugins/com.st.stm32cube.ide.mcu.externaltools.gnu-tools-for-stm32.9-2020-q2-update.win32_1.5.0.202011040924/tools/bin/../lib/gcc/arm-none-eabi/9.3.1/thumb/v7e-m+fp/hard/crtbegin.o
 .text          0x00000000080001d8      0x378 c:/st/stm32cubeide_1.5.1/stm32cubeide/plugins/com.st.stm32cube.ide.mcu.externaltools.gnu-tools-for-stm32.9-2020-q2-update.win32_1.5.0.202011040924/tools/bin/../lib/gcc/arm-none-eabi/9.3.1/thumb/v7e-m+fp/hard\libgcc.a(_arm_addsubdf3.o)
                0x00000000080001d8                __aeabi_drsub
                0x00000000080001e0                __aeabi_dsub
                0x00000000080001e0                __subdf3
                0x00000000080001e4                __aeabi_dadd
                0x00000000080001e4                __adddf3
                0x000000000800045c                __floatunsidf
                0x000000000800045c                __aeabi_ui2d
                0x000000000800047c                __floatsidf
                0x000000000800047c                __aeabi_i2d
                0x00000000080004a0                __aeabi_f2d
                0x00000000080004a0                __extendsfdf2
                0x00000000080004e4                __floatundidf
                0x00000000080004e4                __aeabi_ul2d
                0x00000000080004f4                __floatdidf
                0x00000000080004f4                __aeabi_l2d
 .text          0x0000000008000550      0x424 c:/st/stm32cubeide_1.5.1/stm32cubeide/plugins/com.st.stm32cube.ide.mcu.externaltools.gnu-tools-for-stm32.9-2020-q2-update.win32_1.5.0.202011040924/tools/bin/../lib/gcc/arm-none-eabi/9.3.1/thumb/v7e-m+fp/hard\libgcc.a(_arm_muldivdf3.o)
                0x0000000008000550                __aeabi_dmul
                0x0000000008000550                __muldf3
                0x00000000080007a4                __divdf3
                0x00000000080007a4                __aeabi_ddiv
 .text          0x0000000008000974      0x110 c:/st/stm32cubeide_1.5.1/stm32cubeide/plugins/com.st.stm32cube.ide.mcu.externaltools.gnu-tools-for-stm32.9-2020-q2-update.win32_1.5.0.202011040924/tools/bin/../lib/gcc/arm-none-eabi/9.3.1/thumb/v7e-m+fp/hard\libgcc.a(_arm_cmpdf2.o)
                0x0000000008000974                __gtdf2
                0x0000000008000974                __gedf2
                0x000000000800097c                __ltdf2
                0x000000000800097c                __ledf2
                0x0000000008000984                __nedf2
                0x0000000008000984                __eqdf2
                0x0000000008000984                __cmpdf2
                0x0000000008000a00                __aeabi_cdrcmple
                0x0000000008000a10                __aeabi_cdcmpeq
                0x0000000008000a10                __aeabi_cdcmple
                0x0000000008000a20                __aeabi_dcmpeq
                0x0000000008000a34                __aeabi_dcmplt
                0x0000000008000a48                __aeabi_dcmple
                0x0000000008000a5c                __aeabi_dcmpge
                0x0000000008000a70                __aeabi_dcmpgt
 .text          0x0000000008000a84       0x2c c:/st/stm32cubeide_1.5.1/stm32cubeide/plugins/com.st.stm32cube.ide.mcu.externaltools.gnu-tools-for-stm32.9-2020-q2-update.win32_1.5.0.202011040924/tools/bin/../lib/gcc/arm-none-eabi/9.3.1/thumb/v7e-m+fp/hard\libgcc.a(_arm_unorddf2.o)
                0x0000000008000a84                __unorddf2
                0x0000000008000a84                __aeabi_dcmpun
 .text          0x0000000008000ab0       0x40 c:/st/stm32cubeide_1.5.1/stm32cubeide/plugins/com.st.stm32cube.ide.mcu.externaltools.gnu-tools-for-stm32.9-2020-q2-update.win32_1.5.0.202011040924/tools/bin/../lib/gcc/arm-none-eabi/9.3.1/thumb/v7e-m+fp/hard\libgcc.a(_arm_fixunsdfsi.o)
                0x0000000008000ab0                __aeabi_d2uiz
                0x0000000008000ab0                __fixunsdfsi
 .text          0x0000000008000af0       0xa0 c:/st/stm32cubeide_1.5.1/stm32cubeide/plugins/com.st.stm32cube.ide.mcu.externaltools.gnu-tools-for-stm32.9-2020-q2-update.win32_1.5.0.202011040924/tools/bin/../lib/gcc/arm-none-eabi/9.3.1/thumb/v7e-m+fp/hard\libgcc.a(_arm_truncdfsf2.o)
                0x0000000008000af0                __truncdfsf2
                0x0000000008000af0                __aeabi_d2f
 .text          0x0000000008000b90      0x21c c:/st/stm32cubeide_1.5.1/stm32cubeide/plugins/com.st.stm32cube.ide.mcu.externaltools.gnu-tools-for-stm32.9-2020-q2-update.win32_1.5.0.202011040924/tools/bin/../lib/gcc/arm-none-eabi/9.3.1/thumb/v7e-m+fp/hard\libgcc.a(_arm_addsubsf3.o)
                0x0000000008000b90                __aeabi_frsub
                0x0000000008000b98                __subsf3
                0x0000000008000b98                __aeabi_fsub
                0x0000000008000b9c                __aeabi_fadd
                0x0000000008000b9c                __addsf3
                0x0000000008000cfc                __aeabi_ui2f
                0x0000000008000cfc                __floatunsisf
                0x0000000008000d04                __aeabi_i2f
                0x0000000008000d04                __floatsisf
                0x0000000008000d20                __aeabi_ul2f
                0x0000000008000d20                __floatundisf
                0x0000000008000d30                __aeabi_l2f
                0x0000000008000d30                __floatdisf
 .text          0x0000000008000dac       0x30 c:/st/stm32cubeide_1.5.1/stm32cubeide/plugins/com.st.stm32cube.ide.mcu.externaltools.gnu-tools-for-stm32.9-2020-q2-update.win32_1.5.0.202011040924/tools/bin/../lib/gcc/arm-none-eabi/9.3.1/thumb/v7e-m+fp/hard\libgcc.a(_aeabi_uldivmod.o)
                0x0000000008000dac                __aeabi_uldivmod
 .text          0x0000000008000ddc      0x2c4 c:/st/stm32cubeide_1.5.1/stm32cubeide/plugins/com.st.stm32cube.ide.mcu.externaltools.gnu-tools-for-stm32.9-2020-q2-update.win32_1.5.0.202011040924/tools/bin/../lib/gcc/arm-none-eabi/9.3.1/thumb/v7e-m+fp/hard\libgcc.a(_udivmoddi4.o)
                0x0000000008000ddc                __udivmoddi4
 .text          0x00000000080010a0        0x4 c:/st/stm32cubeide_1.5.1/stm32cubeide/plugins/com.st.stm32cube.ide.mcu.externaltools.gnu-tools-for-stm32.9-2020-q2-update.win32_1.5.0.202011040924/tools/bin/../lib/gcc/arm-none-eabi/9.3.1/thumb/v7e-m+fp/hard\libgcc.a(_dvmd_tls.o)
                0x00000000080010a0                __aeabi_idiv0
                0x00000000080010a0                __aeabi_ldiv0
 *(.text*)
 *fill*         0x00000000080010a4        0x4 
 .text.main     0x00000000080010a8      0x408 Core/Src/main.o
                0x00000000080010a8                main
 .text.SystemClock_Config
                0x00000000080014b0       0xd0 Core/Src/main.o
                0x00000000080014b0                SystemClock_Config
 .text.MX_I2C1_Init
                0x0000000008001580       0x5c Core/Src/main.o
 .text.MX_TIM1_Init
                0x00000000080015dc       0xb0 Core/Src/main.o
 .text.MX_TIM2_Init
                0x000000000800168c       0x98 Core/Src/main.o
 .text.MX_TIM3_Init
                0x0000000008001724       0xec Core/Src/main.o
 .text.MX_USART2_UART_Init
                0x0000000008001810       0x58 Core/Src/main.o
 .text.MX_DMA_Init
                0x0000000008001868       0x50 Core/Src/main.o
 .text.MX_GPIO_Init
                0x00000000080018b8      0x1b0 Core/Src/main.o
 .text.EncoderVelocityAndPosition_Update
                0x0000000008001a68      0x154 Core/Src/main.o
                0x0000000008001a68                EncoderVelocityAndPosition_Update
 .text.HAL_TIM_PeriodElapsedCallback
                0x0000000008001bbc       0x38 Core/Src/main.o
                0x0000000008001bbc                HAL_TIM_PeriodElapsedCallback
 .text.HAL_GPIO_EXTI_Callback
                0x0000000008001bf4       0xa0 Core/Src/main.o
                0x0000000008001bf4                HAL_GPIO_EXTI_Callback
 .text.micros   0x0000000008001c94       0x34 Core/Src/main.o
                0x0000000008001c94                micros
 .text.ConverterUnitSystemStructureInit
                0x0000000008001cc8       0x30 Core/Src/main.o
                0x0000000008001cc8                ConverterUnitSystemStructureInit
 .text.TrajectoryGenerationStructureInit
                0x0000000008001cf8      0x144 Core/Src/main.o
                0x0000000008001cf8                TrajectoryGenerationStructureInit
 *fill*         0x0000000008001e3c        0x4 
 .text.VelocityControllerInit
                0x0000000008001e40       0x68 Core/Src/main.o
                0x0000000008001e40                VelocityControllerInit
 .text.DisplacementControllerInit
                0x0000000008001ea8       0x6c Core/Src/main.o
                0x0000000008001ea8                DisplacementControllerInit
 .text.TrajectoryGenerationVelocityMaxSetting
                0x0000000008001f14       0x6c Core/Src/main.o
                0x0000000008001f14                TrajectoryGenerationVelocityMaxSetting
 .text.TrajectoryGenerationPrepareDATA
                0x0000000008001f80      0x2b8 Core/Src/main.o
                0x0000000008001f80                TrajectoryGenerationPrepareDATA
 .text.TrajectoryGenerationCalculation
                0x0000000008002238      0x244 Core/Src/main.o
                0x0000000008002238                TrajectoryGenerationCalculation
 *fill*         0x000000000800247c        0x4 
 .text.TrajectoryGenerationProcess
                0x0000000008002480      0x7e4 Core/Src/main.o
                0x0000000008002480                TrajectoryGenerationProcess
 .text.PIDController2in1
                0x0000000008002c64      0x220 Core/Src/main.o
                0x0000000008002c64                PIDController2in1
 .text.UARTInit
                0x0000000008002e84       0x50 Core/Src/main.o
                0x0000000008002e84                UARTInit
 .text.UARTResetStart
                0x0000000008002ed4       0x22 Core/Src/main.o
                0x0000000008002ed4                UARTResetStart
 .text.UARTGetRxHead
                0x0000000008002ef6       0x26 Core/Src/main.o
                0x0000000008002ef6                UARTGetRxHead
 .text.UARTReadChar
                0x0000000008002f1c       0x54 Core/Src/main.o
                0x0000000008002f1c                UARTReadChar
 .text.UARTTxDumpBuffer
                0x0000000008002f70       0xa0 Core/Src/main.o
                0x0000000008002f70                UARTTxDumpBuffer
 .text.UARTTxWrite
                0x0000000008003010       0x90 Core/Src/main.o
                0x0000000008003010                UARTTxWrite
 .text.ACK1Return
                0x00000000080030a0       0x24 Core/Src/main.o
                0x00000000080030a0                ACK1Return
 .text.ACK2Return
                0x00000000080030c4       0x24 Core/Src/main.o
                0x00000000080030c4                ACK2Return
 .text.Munmunbot_Protocol
                0x00000000080030e8      0x88c Core/Src/main.o
                0x00000000080030e8                Munmunbot_Protocol
 .text.PID_Reset
                0x0000000008003974       0x94 Core/Src/main.o
                0x0000000008003974                PID_Reset
 .text.LAMP_ON  0x0000000008003a08       0xe0 Core/Src/main.o
                0x0000000008003a08                LAMP_ON
 .text.Emergency_switch_trigger
                0x0000000008003ae8       0xb4 Core/Src/main.o
                0x0000000008003ae8                Emergency_switch_trigger
 .text.Controlling_the_LINK
                0x0000000008003b9c       0xd0 Core/Src/main.o
                0x0000000008003b9c                Controlling_the_LINK
 .text.SETHOME_StateMachine_Function
                0x0000000008003c6c      0x154 Core/Src/main.o
                0x0000000008003c6c                SETHOME_StateMachine_Function
 .text.Error_Handler
                0x0000000008003dc0        0xa Core/Src/main.o
                0x0000000008003dc0                Error_Handler
 *fill*         0x0000000008003dca        0x2 
 .text.HAL_MspInit
                0x0000000008003dcc       0x50 Core/Src/stm32f4xx_hal_msp.o
                0x0000000008003dcc                HAL_MspInit
 .text.HAL_I2C_MspInit
                0x0000000008003e1c       0xb0 Core/Src/stm32f4xx_hal_msp.o
                0x0000000008003e1c                HAL_I2C_MspInit
 .text.HAL_TIM_Encoder_MspInit
                0x0000000008003ecc       0x90 Core/Src/stm32f4xx_hal_msp.o
                0x0000000008003ecc                HAL_TIM_Encoder_MspInit
 .text.HAL_TIM_Base_MspInit
                0x0000000008003f5c       0x78 Core/Src/stm32f4xx_hal_msp.o
                0x0000000008003f5c                HAL_TIM_Base_MspInit
 .text.HAL_TIM_MspPostInit
                0x0000000008003fd4       0x74 Core/Src/stm32f4xx_hal_msp.o
                0x0000000008003fd4                HAL_TIM_MspPostInit
 .text.HAL_UART_MspInit
                0x0000000008004048      0x16c Core/Src/stm32f4xx_hal_msp.o
                0x0000000008004048                HAL_UART_MspInit
 .text.NMI_Handler
                0x00000000080041b4        0x6 Core/Src/stm32f4xx_it.o
                0x00000000080041b4                NMI_Handler
 .text.HardFault_Handler
                0x00000000080041ba        0x6 Core/Src/stm32f4xx_it.o
                0x00000000080041ba                HardFault_Handler
 .text.MemManage_Handler
                0x00000000080041c0        0x6 Core/Src/stm32f4xx_it.o
                0x00000000080041c0                MemManage_Handler
 .text.BusFault_Handler
                0x00000000080041c6        0x6 Core/Src/stm32f4xx_it.o
                0x00000000080041c6                BusFault_Handler
 .text.UsageFault_Handler
                0x00000000080041cc        0x6 Core/Src/stm32f4xx_it.o
                0x00000000080041cc                UsageFault_Handler
 .text.SVC_Handler
                0x00000000080041d2        0xe Core/Src/stm32f4xx_it.o
                0x00000000080041d2                SVC_Handler
 .text.DebugMon_Handler
                0x00000000080041e0        0xe Core/Src/stm32f4xx_it.o
                0x00000000080041e0                DebugMon_Handler
 .text.PendSV_Handler
                0x00000000080041ee        0xe Core/Src/stm32f4xx_it.o
                0x00000000080041ee                PendSV_Handler
 .text.SysTick_Handler
                0x00000000080041fc        0xc Core/Src/stm32f4xx_it.o
                0x00000000080041fc                SysTick_Handler
 .text.DMA1_Stream5_IRQHandler
                0x0000000008004208       0x14 Core/Src/stm32f4xx_it.o
                0x0000000008004208                DMA1_Stream5_IRQHandler
 .text.DMA1_Stream6_IRQHandler
                0x000000000800421c       0x14 Core/Src/stm32f4xx_it.o
                0x000000000800421c                DMA1_Stream6_IRQHandler
 .text.EXTI9_5_IRQHandler
                0x0000000008004230       0x10 Core/Src/stm32f4xx_it.o
                0x0000000008004230                EXTI9_5_IRQHandler
 .text.TIM2_IRQHandler
                0x0000000008004240       0x14 Core/Src/stm32f4xx_it.o
                0x0000000008004240                TIM2_IRQHandler
 .text.I2C1_EV_IRQHandler
                0x0000000008004254       0x14 Core/Src/stm32f4xx_it.o
                0x0000000008004254                I2C1_EV_IRQHandler
 .text.I2C1_ER_IRQHandler
                0x0000000008004268       0x14 Core/Src/stm32f4xx_it.o
                0x0000000008004268                I2C1_ER_IRQHandler
 .text.USART2_IRQHandler
                0x000000000800427c       0x14 Core/Src/stm32f4xx_it.o
                0x000000000800427c                USART2_IRQHandler
 .text.EXTI15_10_IRQHandler
                0x0000000008004290       0x18 Core/Src/stm32f4xx_it.o
                0x0000000008004290                EXTI15_10_IRQHandler
 .text._sbrk    0x00000000080042a8       0x6c Core/Src/sysmem.o
                0x00000000080042a8                _sbrk
 .text.SystemInit
                0x0000000008004314       0x2c Core/Src/system_stm32f4xx.o
                0x0000000008004314                SystemInit
 .text.Reset_Handler
                0x0000000008004340       0x50 Core/Startup/startup_stm32f411retx.o
                0x0000000008004340                Reset_Handler
 .text.Default_Handler
                0x0000000008004390        0x2 Core/Startup/startup_stm32f411retx.o
                0x0000000008004390                RTC_Alarm_IRQHandler
                0x0000000008004390                EXTI2_IRQHandler
                0x0000000008004390                SPI4_IRQHandler
                0x0000000008004390                TIM1_CC_IRQHandler
                0x0000000008004390                DMA2_Stream5_IRQHandler
                0x0000000008004390                PVD_IRQHandler
                0x0000000008004390                SDIO_IRQHandler
                0x0000000008004390                TAMP_STAMP_IRQHandler
                0x0000000008004390                EXTI3_IRQHandler
                0x0000000008004390                TIM1_UP_TIM10_IRQHandler
                0x0000000008004390                I2C3_ER_IRQHandler
                0x0000000008004390                EXTI0_IRQHandler
                0x0000000008004390                I2C2_EV_IRQHandler
                0x0000000008004390                DMA1_Stream2_IRQHandler
                0x0000000008004390                FPU_IRQHandler
                0x0000000008004390                DMA2_Stream2_IRQHandler
                0x0000000008004390                SPI1_IRQHandler
                0x0000000008004390                TIM1_BRK_TIM9_IRQHandler
                0x0000000008004390                DMA2_Stream3_IRQHandler
                0x0000000008004390                USART6_IRQHandler
                0x0000000008004390                DMA2_Stream0_IRQHandler
                0x0000000008004390                TIM4_IRQHandler
                0x0000000008004390                DMA1_Stream1_IRQHandler
                0x0000000008004390                TIM3_IRQHandler
                0x0000000008004390                RCC_IRQHandler
                0x0000000008004390                Default_Handler
                0x0000000008004390                ADC_IRQHandler
                0x0000000008004390                DMA1_Stream7_IRQHandler
                0x0000000008004390                SPI5_IRQHandler
                0x0000000008004390                TIM5_IRQHandler
                0x0000000008004390                DMA2_Stream7_IRQHandler
                0x0000000008004390                I2C3_EV_IRQHandler
                0x0000000008004390                RTC_WKUP_IRQHandler
                0x0000000008004390                SPI2_IRQHandler
                0x0000000008004390                DMA1_Stream0_IRQHandler
                0x0000000008004390                EXTI4_IRQHandler
                0x0000000008004390                WWDG_IRQHandler
                0x0000000008004390                OTG_FS_WKUP_IRQHandler
                0x0000000008004390                TIM1_TRG_COM_TIM11_IRQHandler
                0x0000000008004390                EXTI1_IRQHandler
                0x0000000008004390                I2C2_ER_IRQHandler
                0x0000000008004390                DMA2_Stream1_IRQHandler
                0x0000000008004390                FLASH_IRQHandler
                0x0000000008004390                DMA2_Stream4_IRQHandler
                0x0000000008004390                USART1_IRQHandler
                0x0000000008004390                OTG_FS_IRQHandler
                0x0000000008004390                SPI3_IRQHandler
                0x0000000008004390                DMA1_Stream4_IRQHandler
                0x0000000008004390                DMA2_Stream6_IRQHandler
                0x0000000008004390                DMA1_Stream3_IRQHandler
 *fill*         0x0000000008004392        0x2 
 .text.HAL_Init
                0x0000000008004394       0x44 Drivers/STM32F4xx_HAL_Driver/Src/stm32f4xx_hal.o
                0x0000000008004394                HAL_Init
 .text.HAL_InitTick
                0x00000000080043d8       0x60 Drivers/STM32F4xx_HAL_Driver/Src/stm32f4xx_hal.o
                0x00000000080043d8                HAL_InitTick
 .text.HAL_IncTick
                0x0000000008004438       0x28 Drivers/STM32F4xx_HAL_Driver/Src/stm32f4xx_hal.o
                0x0000000008004438                HAL_IncTick
 .text.HAL_GetTick
                0x0000000008004460       0x18 Drivers/STM32F4xx_HAL_Driver/Src/stm32f4xx_hal.o
                0x0000000008004460                HAL_GetTick
 .text.__NVIC_SetPriorityGrouping
                0x0000000008004478       0x48 Drivers/STM32F4xx_HAL_Driver/Src/stm32f4xx_hal_cortex.o
 .text.__NVIC_GetPriorityGrouping
                0x00000000080044c0       0x1c Drivers/STM32F4xx_HAL_Driver/Src/stm32f4xx_hal_cortex.o
 .text.__NVIC_EnableIRQ
                0x00000000080044dc       0x3c Drivers/STM32F4xx_HAL_Driver/Src/stm32f4xx_hal_cortex.o
 .text.__NVIC_SetPriority
                0x0000000008004518       0x54 Drivers/STM32F4xx_HAL_Driver/Src/stm32f4xx_hal_cortex.o
 .text.NVIC_EncodePriority
                0x000000000800456c       0x66 Drivers/STM32F4xx_HAL_Driver/Src/stm32f4xx_hal_cortex.o
 *fill*         0x00000000080045d2        0x2 
 .text.SysTick_Config
                0x00000000080045d4       0x44 Drivers/STM32F4xx_HAL_Driver/Src/stm32f4xx_hal_cortex.o
 .text.HAL_NVIC_SetPriorityGrouping
                0x0000000008004618       0x16 Drivers/STM32F4xx_HAL_Driver/Src/stm32f4xx_hal_cortex.o
                0x0000000008004618                HAL_NVIC_SetPriorityGrouping
 .text.HAL_NVIC_SetPriority
                0x000000000800462e       0x38 Drivers/STM32F4xx_HAL_Driver/Src/stm32f4xx_hal_cortex.o
                0x000000000800462e                HAL_NVIC_SetPriority
 .text.HAL_NVIC_EnableIRQ
                0x0000000008004666       0x1c Drivers/STM32F4xx_HAL_Driver/Src/stm32f4xx_hal_cortex.o
                0x0000000008004666                HAL_NVIC_EnableIRQ
 .text.HAL_SYSTICK_Config
                0x0000000008004682       0x18 Drivers/STM32F4xx_HAL_Driver/Src/stm32f4xx_hal_cortex.o
                0x0000000008004682                HAL_SYSTICK_Config
 *fill*         0x000000000800469a        0x2 
 .text.HAL_DMA_Init
                0x000000000800469c      0x15c Drivers/STM32F4xx_HAL_Driver/Src/stm32f4xx_hal_dma.o
                0x000000000800469c                HAL_DMA_Init
 .text.HAL_DMA_Start_IT
                0x00000000080047f8       0xb0 Drivers/STM32F4xx_HAL_Driver/Src/stm32f4xx_hal_dma.o
                0x00000000080047f8                HAL_DMA_Start_IT
 .text.HAL_DMA_Abort
                0x00000000080048a8       0xe0 Drivers/STM32F4xx_HAL_Driver/Src/stm32f4xx_hal_dma.o
                0x00000000080048a8                HAL_DMA_Abort
 .text.HAL_DMA_Abort_IT
                0x0000000008004988       0x44 Drivers/STM32F4xx_HAL_Driver/Src/stm32f4xx_hal_dma.o
                0x0000000008004988                HAL_DMA_Abort_IT
 .text.HAL_DMA_IRQHandler
                0x00000000080049cc      0x314 Drivers/STM32F4xx_HAL_Driver/Src/stm32f4xx_hal_dma.o
                0x00000000080049cc                HAL_DMA_IRQHandler
 .text.HAL_DMA_GetState
                0x0000000008004ce0       0x1c Drivers/STM32F4xx_HAL_Driver/Src/stm32f4xx_hal_dma.o
                0x0000000008004ce0                HAL_DMA_GetState
 .text.DMA_SetConfig
                0x0000000008004cfc       0x5c Drivers/STM32F4xx_HAL_Driver/Src/stm32f4xx_hal_dma.o
 .text.DMA_CalcBaseAndBitshift
                0x0000000008004d58       0x6c Drivers/STM32F4xx_HAL_Driver/Src/stm32f4xx_hal_dma.o
 .text.DMA_CheckFifoParam
                0x0000000008004dc4       0xf8 Drivers/STM32F4xx_HAL_Driver/Src/stm32f4xx_hal_dma.o
 .text.HAL_GPIO_Init
                0x0000000008004ebc      0x308 Drivers/STM32F4xx_HAL_Driver/Src/stm32f4xx_hal_gpio.o
                0x0000000008004ebc                HAL_GPIO_Init
 .text.HAL_GPIO_ReadPin
                0x00000000080051c4       0x30 Drivers/STM32F4xx_HAL_Driver/Src/stm32f4xx_hal_gpio.o
                0x00000000080051c4                HAL_GPIO_ReadPin
 .text.HAL_GPIO_WritePin
                0x00000000080051f4       0x32 Drivers/STM32F4xx_HAL_Driver/Src/stm32f4xx_hal_gpio.o
                0x00000000080051f4                HAL_GPIO_WritePin
 *fill*         0x0000000008005226        0x2 
 .text.HAL_GPIO_EXTI_IRQHandler
                0x0000000008005228       0x30 Drivers/STM32F4xx_HAL_Driver/Src/stm32f4xx_hal_gpio.o
                0x0000000008005228                HAL_GPIO_EXTI_IRQHandler
 .text.HAL_I2C_Init
                0x0000000008005258      0x288 Drivers/STM32F4xx_HAL_Driver/Src/stm32f4xx_hal_i2c.o
                0x0000000008005258                HAL_I2C_Init
 .text.HAL_I2C_Master_Transmit_IT
                0x00000000080054e0      0x14c Drivers/STM32F4xx_HAL_Driver/Src/stm32f4xx_hal_i2c.o
                0x00000000080054e0                HAL_I2C_Master_Transmit_IT
 .text.HAL_I2C_EV_IRQHandler
                0x000000000800562c      0x2da Drivers/STM32F4xx_HAL_Driver/Src/stm32f4xx_hal_i2c.o
                0x000000000800562c                HAL_I2C_EV_IRQHandler
 .text.HAL_I2C_ER_IRQHandler
                0x0000000008005906      0x14e Drivers/STM32F4xx_HAL_Driver/Src/stm32f4xx_hal_i2c.o
                0x0000000008005906                HAL_I2C_ER_IRQHandler
 .text.HAL_I2C_MasterTxCpltCallback
                0x0000000008005a54       0x14 Drivers/STM32F4xx_HAL_Driver/Src/stm32f4xx_hal_i2c.o
                0x0000000008005a54                HAL_I2C_MasterTxCpltCallback
 .text.HAL_I2C_MasterRxCpltCallback
                0x0000000008005a68       0x14 Drivers/STM32F4xx_HAL_Driver/Src/stm32f4xx_hal_i2c.o
                0x0000000008005a68                HAL_I2C_MasterRxCpltCallback
 .text.HAL_I2C_SlaveTxCpltCallback
                0x0000000008005a7c       0x14 Drivers/STM32F4xx_HAL_Driver/Src/stm32f4xx_hal_i2c.o
                0x0000000008005a7c                HAL_I2C_SlaveTxCpltCallback
 .text.HAL_I2C_SlaveRxCpltCallback
                0x0000000008005a90       0x14 Drivers/STM32F4xx_HAL_Driver/Src/stm32f4xx_hal_i2c.o
                0x0000000008005a90                HAL_I2C_SlaveRxCpltCallback
 .text.HAL_I2C_AddrCallback
                0x0000000008005aa4       0x1c Drivers/STM32F4xx_HAL_Driver/Src/stm32f4xx_hal_i2c.o
                0x0000000008005aa4                HAL_I2C_AddrCallback
 .text.HAL_I2C_ListenCpltCallback
                0x0000000008005ac0       0x14 Drivers/STM32F4xx_HAL_Driver/Src/stm32f4xx_hal_i2c.o
                0x0000000008005ac0                HAL_I2C_ListenCpltCallback
 .text.HAL_I2C_MemTxCpltCallback
                0x0000000008005ad4       0x14 Drivers/STM32F4xx_HAL_Driver/Src/stm32f4xx_hal_i2c.o
                0x0000000008005ad4                HAL_I2C_MemTxCpltCallback
 .text.HAL_I2C_MemRxCpltCallback
                0x0000000008005ae8       0x14 Drivers/STM32F4xx_HAL_Driver/Src/stm32f4xx_hal_i2c.o
                0x0000000008005ae8                HAL_I2C_MemRxCpltCallback
 .text.HAL_I2C_ErrorCallback
                0x0000000008005afc       0x14 Drivers/STM32F4xx_HAL_Driver/Src/stm32f4xx_hal_i2c.o
                0x0000000008005afc                HAL_I2C_ErrorCallback
 .text.HAL_I2C_AbortCpltCallback
                0x0000000008005b10       0x14 Drivers/STM32F4xx_HAL_Driver/Src/stm32f4xx_hal_i2c.o
                0x0000000008005b10                HAL_I2C_AbortCpltCallback
 .text.I2C_MasterTransmit_TXE
                0x0000000008005b24      0x138 Drivers/STM32F4xx_HAL_Driver/Src/stm32f4xx_hal_i2c.o
 .text.I2C_MasterTransmit_BTF
                0x0000000008005c5c       0xd0 Drivers/STM32F4xx_HAL_Driver/Src/stm32f4xx_hal_i2c.o
 .text.I2C_MemoryTransmit_TXE_BTF
                0x0000000008005d2c      0x11e Drivers/STM32F4xx_HAL_Driver/Src/stm32f4xx_hal_i2c.o
 .text.I2C_MasterReceive_RXNE
                0x0000000008005e4a      0x162 Drivers/STM32F4xx_HAL_Driver/Src/stm32f4xx_hal_i2c.o
 .text.I2C_MasterReceive_BTF
                0x0000000008005fac      0x1d4 Drivers/STM32F4xx_HAL_Driver/Src/stm32f4xx_hal_i2c.o
 .text.I2C_Master_SB
                0x0000000008006180      0x10c Drivers/STM32F4xx_HAL_Driver/Src/stm32f4xx_hal_i2c.o
 .text.I2C_Master_ADD10
                0x000000000800628c       0x54 Drivers/STM32F4xx_HAL_Driver/Src/stm32f4xx_hal_i2c.o
 .text.I2C_Master_ADDR
                0x00000000080062e0      0x322 Drivers/STM32F4xx_HAL_Driver/Src/stm32f4xx_hal_i2c.o
 .text.I2C_SlaveTransmit_TXE
                0x0000000008006602       0x7a Drivers/STM32F4xx_HAL_Driver/Src/stm32f4xx_hal_i2c.o
 .text.I2C_SlaveTransmit_BTF
                0x000000000800667c       0x42 Drivers/STM32F4xx_HAL_Driver/Src/stm32f4xx_hal_i2c.o
 .text.I2C_SlaveReceive_RXNE
                0x00000000080066be       0x7c Drivers/STM32F4xx_HAL_Driver/Src/stm32f4xx_hal_i2c.o
 .text.I2C_SlaveReceive_BTF
                0x000000000800673a       0x44 Drivers/STM32F4xx_HAL_Driver/Src/stm32f4xx_hal_i2c.o
 .text.I2C_Slave_ADDR
                0x000000000800677e       0x88 Drivers/STM32F4xx_HAL_Driver/Src/stm32f4xx_hal_i2c.o
 *fill*         0x0000000008006806        0x2 
 .text.I2C_Slave_STOPF
                0x0000000008006808      0x260 Drivers/STM32F4xx_HAL_Driver/Src/stm32f4xx_hal_i2c.o
 .text.I2C_Slave_AF
                0x0000000008006a68       0xe0 Drivers/STM32F4xx_HAL_Driver/Src/stm32f4xx_hal_i2c.o
 .text.I2C_ITError
                0x0000000008006b48      0x264 Drivers/STM32F4xx_HAL_Driver/Src/stm32f4xx_hal_i2c.o
 .text.I2C_DMAAbort
                0x0000000008006dac      0x150 Drivers/STM32F4xx_HAL_Driver/Src/stm32f4xx_hal_i2c.o
 .text.I2C_WaitOnSTOPRequestThroughIT
                0x0000000008006efc       0x64 Drivers/STM32F4xx_HAL_Driver/Src/stm32f4xx_hal_i2c.o
 .text.I2C_ConvertOtherXferOptions
                0x0000000008006f60       0x36 Drivers/STM32F4xx_HAL_Driver/Src/stm32f4xx_hal_i2c.o
 *fill*         0x0000000008006f96        0x2 
 .text.HAL_RCC_OscConfig
                0x0000000008006f98      0x4f0 Drivers/STM32F4xx_HAL_Driver/Src/stm32f4xx_hal_rcc.o
                0x0000000008006f98                HAL_RCC_OscConfig
 .text.HAL_RCC_ClockConfig
                0x0000000008007488      0x1cc Drivers/STM32F4xx_HAL_Driver/Src/stm32f4xx_hal_rcc.o
                0x0000000008007488                HAL_RCC_ClockConfig
 .text.HAL_RCC_GetSysClockFreq
                0x0000000008007654      0x1c4 Drivers/STM32F4xx_HAL_Driver/Src/stm32f4xx_hal_rcc.o
                0x0000000008007654                HAL_RCC_GetSysClockFreq
 .text.HAL_RCC_GetHCLKFreq
                0x0000000008007818       0x18 Drivers/STM32F4xx_HAL_Driver/Src/stm32f4xx_hal_rcc.o
                0x0000000008007818                HAL_RCC_GetHCLKFreq
 .text.HAL_RCC_GetPCLK1Freq
                0x0000000008007830       0x28 Drivers/STM32F4xx_HAL_Driver/Src/stm32f4xx_hal_rcc.o
                0x0000000008007830                HAL_RCC_GetPCLK1Freq
 .text.HAL_RCC_GetPCLK2Freq
                0x0000000008007858       0x28 Drivers/STM32F4xx_HAL_Driver/Src/stm32f4xx_hal_rcc.o
                0x0000000008007858                HAL_RCC_GetPCLK2Freq
 .text.HAL_TIM_Base_Init
                0x0000000008007880       0x9e Drivers/STM32F4xx_HAL_Driver/Src/stm32f4xx_hal_tim.o
                0x0000000008007880                HAL_TIM_Base_Init
 *fill*         0x000000000800791e        0x2 
 .text.HAL_TIM_Base_Start
                0x0000000008007920       0xb4 Drivers/STM32F4xx_HAL_Driver/Src/stm32f4xx_hal_tim.o
                0x0000000008007920                HAL_TIM_Base_Start
 .text.HAL_TIM_Base_Start_IT
                0x00000000080079d4       0xc4 Drivers/STM32F4xx_HAL_Driver/Src/stm32f4xx_hal_tim.o
                0x00000000080079d4                HAL_TIM_Base_Start_IT
 .text.HAL_TIM_PWM_Init
                0x0000000008007a98       0x9e Drivers/STM32F4xx_HAL_Driver/Src/stm32f4xx_hal_tim.o
                0x0000000008007a98                HAL_TIM_PWM_Init
 .text.HAL_TIM_PWM_MspInit
                0x0000000008007b36       0x14 Drivers/STM32F4xx_HAL_Driver/Src/stm32f4xx_hal_tim.o
                0x0000000008007b36                HAL_TIM_PWM_MspInit
 *fill*         0x0000000008007b4a        0x2 
 .text.HAL_TIM_PWM_Start
                0x0000000008007b4c      0x160 Drivers/STM32F4xx_HAL_Driver/Src/stm32f4xx_hal_tim.o
                0x0000000008007b4c                HAL_TIM_PWM_Start
 .text.HAL_TIM_Encoder_Init
                0x0000000008007cac      0x14c Drivers/STM32F4xx_HAL_Driver/Src/stm32f4xx_hal_tim.o
                0x0000000008007cac                HAL_TIM_Encoder_Init
 .text.HAL_TIM_Encoder_Start
                0x0000000008007df8      0x11c Drivers/STM32F4xx_HAL_Driver/Src/stm32f4xx_hal_tim.o
                0x0000000008007df8                HAL_TIM_Encoder_Start
 .text.HAL_TIM_IRQHandler
                0x0000000008007f14      0x210 Drivers/STM32F4xx_HAL_Driver/Src/stm32f4xx_hal_tim.o
                0x0000000008007f14                HAL_TIM_IRQHandler
 .text.HAL_TIM_PWM_ConfigChannel
                0x0000000008008124      0x17c Drivers/STM32F4xx_HAL_Driver/Src/stm32f4xx_hal_tim.o
                0x0000000008008124                HAL_TIM_PWM_ConfigChannel
 .text.HAL_TIM_ConfigClockSource
                0x00000000080082a0      0x188 Drivers/STM32F4xx_HAL_Driver/Src/stm32f4xx_hal_tim.o
                0x00000000080082a0                HAL_TIM_ConfigClockSource
 .text.HAL_TIM_OC_DelayElapsedCallback
                0x0000000008008428       0x14 Drivers/STM32F4xx_HAL_Driver/Src/stm32f4xx_hal_tim.o
                0x0000000008008428                HAL_TIM_OC_DelayElapsedCallback
 .text.HAL_TIM_IC_CaptureCallback
                0x000000000800843c       0x14 Drivers/STM32F4xx_HAL_Driver/Src/stm32f4xx_hal_tim.o
                0x000000000800843c                HAL_TIM_IC_CaptureCallback
 .text.HAL_TIM_PWM_PulseFinishedCallback
                0x0000000008008450       0x14 Drivers/STM32F4xx_HAL_Driver/Src/stm32f4xx_hal_tim.o
                0x0000000008008450                HAL_TIM_PWM_PulseFinishedCallback
 .text.HAL_TIM_TriggerCallback
                0x0000000008008464       0x14 Drivers/STM32F4xx_HAL_Driver/Src/stm32f4xx_hal_tim.o
                0x0000000008008464                HAL_TIM_TriggerCallback
 .text.TIM_Base_SetConfig
                0x0000000008008478      0x100 Drivers/STM32F4xx_HAL_Driver/Src/stm32f4xx_hal_tim.o
                0x0000000008008478                TIM_Base_SetConfig
 .text.TIM_OC1_SetConfig
                0x0000000008008578       0xcc Drivers/STM32F4xx_HAL_Driver/Src/stm32f4xx_hal_tim.o
 .text.TIM_OC2_SetConfig
                0x0000000008008644       0xd8 Drivers/STM32F4xx_HAL_Driver/Src/stm32f4xx_hal_tim.o
                0x0000000008008644                TIM_OC2_SetConfig
 .text.TIM_OC3_SetConfig
                0x000000000800871c       0xd4 Drivers/STM32F4xx_HAL_Driver/Src/stm32f4xx_hal_tim.o
 .text.TIM_OC4_SetConfig
                0x00000000080087f0       0xa0 Drivers/STM32F4xx_HAL_Driver/Src/stm32f4xx_hal_tim.o
 .text.TIM_TI1_ConfigInputStage
                0x0000000008008890       0x5e Drivers/STM32F4xx_HAL_Driver/Src/stm32f4xx_hal_tim.o
 .text.TIM_TI2_ConfigInputStage
                0x00000000080088ee       0x60 Drivers/STM32F4xx_HAL_Driver/Src/stm32f4xx_hal_tim.o
 .text.TIM_ITRx_SetConfig
                0x000000000800894e       0x36 Drivers/STM32F4xx_HAL_Driver/Src/stm32f4xx_hal_tim.o
 .text.TIM_ETR_SetConfig
                0x0000000008008984       0x40 Drivers/STM32F4xx_HAL_Driver/Src/stm32f4xx_hal_tim.o
                0x0000000008008984                TIM_ETR_SetConfig
 .text.TIM_CCxChannelCmd
                0x00000000080089c4       0x4a Drivers/STM32F4xx_HAL_Driver/Src/stm32f4xx_hal_tim.o
                0x00000000080089c4                TIM_CCxChannelCmd
 *fill*         0x0000000008008a0e        0x2 
 .text.HAL_TIMEx_MasterConfigSynchronization
                0x0000000008008a10       0xdc Drivers/STM32F4xx_HAL_Driver/Src/stm32f4xx_hal_tim_ex.o
                0x0000000008008a10                HAL_TIMEx_MasterConfigSynchronization
 .text.HAL_TIMEx_CommutCallback
                0x0000000008008aec       0x14 Drivers/STM32F4xx_HAL_Driver/Src/stm32f4xx_hal_tim_ex.o
                0x0000000008008aec                HAL_TIMEx_CommutCallback
 .text.HAL_TIMEx_BreakCallback
                0x0000000008008b00       0x14 Drivers/STM32F4xx_HAL_Driver/Src/stm32f4xx_hal_tim_ex.o
                0x0000000008008b00                HAL_TIMEx_BreakCallback
 .text.HAL_UART_Init
                0x0000000008008b14       0x9a Drivers/STM32F4xx_HAL_Driver/Src/stm32f4xx_hal_uart.o
                0x0000000008008b14                HAL_UART_Init
 *fill*         0x0000000008008bae        0x2 
 .text.HAL_UART_Transmit_DMA
                0x0000000008008bb0       0xd8 Drivers/STM32F4xx_HAL_Driver/Src/stm32f4xx_hal_uart.o
                0x0000000008008bb0                HAL_UART_Transmit_DMA
 .text.HAL_UART_Receive_DMA
                0x0000000008008c88       0x60 Drivers/STM32F4xx_HAL_Driver/Src/stm32f4xx_hal_uart.o
                0x0000000008008c88                HAL_UART_Receive_DMA
 .text.HAL_UART_IRQHandler
                0x0000000008008ce8      0x358 Drivers/STM32F4xx_HAL_Driver/Src/stm32f4xx_hal_uart.o
                0x0000000008008ce8                HAL_UART_IRQHandler
 .text.HAL_UART_TxCpltCallback
                0x0000000008009040       0x14 Drivers/STM32F4xx_HAL_Driver/Src/stm32f4xx_hal_uart.o
                0x0000000008009040                HAL_UART_TxCpltCallback
 .text.HAL_UART_TxHalfCpltCallback
                0x0000000008009054       0x14 Drivers/STM32F4xx_HAL_Driver/Src/stm32f4xx_hal_uart.o
                0x0000000008009054                HAL_UART_TxHalfCpltCallback
 .text.HAL_UART_RxCpltCallback
                0x0000000008009068       0x14 Drivers/STM32F4xx_HAL_Driver/Src/stm32f4xx_hal_uart.o
                0x0000000008009068                HAL_UART_RxCpltCallback
 .text.HAL_UART_RxHalfCpltCallback
                0x000000000800907c       0x14 Drivers/STM32F4xx_HAL_Driver/Src/stm32f4xx_hal_uart.o
                0x000000000800907c                HAL_UART_RxHalfCpltCallback
 .text.HAL_UART_ErrorCallback
                0x0000000008009090       0x14 Drivers/STM32F4xx_HAL_Driver/Src/stm32f4xx_hal_uart.o
                0x0000000008009090                HAL_UART_ErrorCallback
 .text.HAL_UARTEx_RxEventCallback
                0x00000000080090a4       0x18 Drivers/STM32F4xx_HAL_Driver/Src/stm32f4xx_hal_uart.o
                0x00000000080090a4                HAL_UARTEx_RxEventCallback
 .text.UART_DMATransmitCplt
                0x00000000080090bc       0x52 Drivers/STM32F4xx_HAL_Driver/Src/stm32f4xx_hal_uart.o
 .text.UART_DMATxHalfCplt
                0x000000000800910e       0x1c Drivers/STM32F4xx_HAL_Driver/Src/stm32f4xx_hal_uart.o
 .text.UART_DMAReceiveCplt
                0x000000000800912a       0x96 Drivers/STM32F4xx_HAL_Driver/Src/stm32f4xx_hal_uart.o
 .text.UART_DMARxHalfCplt
                0x00000000080091c0       0x36 Drivers/STM32F4xx_HAL_Driver/Src/stm32f4xx_hal_uart.o
 .text.UART_DMAError
                0x00000000080091f6       0x94 Drivers/STM32F4xx_HAL_Driver/Src/stm32f4xx_hal_uart.o
 *fill*         0x000000000800928a        0x2 
 .text.UART_Start_Receive_DMA
                0x000000000800928c       0xc8 Drivers/STM32F4xx_HAL_Driver/Src/stm32f4xx_hal_uart.o
                0x000000000800928c                UART_Start_Receive_DMA
 .text.UART_EndTxTransfer
                0x0000000008009354       0x2c Drivers/STM32F4xx_HAL_Driver/Src/stm32f4xx_hal_uart.o
 .text.UART_EndRxTransfer
                0x0000000008009380       0x5a Drivers/STM32F4xx_HAL_Driver/Src/stm32f4xx_hal_uart.o
 .text.UART_DMAAbortOnError
                0x00000000080093da       0x28 Drivers/STM32F4xx_HAL_Driver/Src/stm32f4xx_hal_uart.o
 .text.UART_Transmit_IT
                0x0000000008009402       0xa0 Drivers/STM32F4xx_HAL_Driver/Src/stm32f4xx_hal_uart.o
 .text.UART_EndTransmit_IT
                0x00000000080094a2       0x30 Drivers/STM32F4xx_HAL_Driver/Src/stm32f4xx_hal_uart.o
 .text.UART_Receive_IT
                0x00000000080094d2      0x12e Drivers/STM32F4xx_HAL_Driver/Src/stm32f4xx_hal_uart.o
 .text.UART_SetConfig
                0x0000000008009600      0x390 Drivers/STM32F4xx_HAL_Driver/Src/stm32f4xx_hal_uart.o
 .text.calloc   0x0000000008009990       0x10 c:/st/stm32cubeide_1.5.1/stm32cubeide/plugins/com.st.stm32cube.ide.mcu.externaltools.gnu-tools-for-stm32.9-2020-q2-update.win32_1.5.0.202011040924/tools/bin/../lib/gcc/arm-none-eabi/9.3.1/../../../../arm-none-eabi/lib/thumb/v7e-m+fp/hard\libc_nano.a(lib_a-calloc.o)
                0x0000000008009990                calloc
 .text.__errno  0x00000000080099a0        0xc c:/st/stm32cubeide_1.5.1/stm32cubeide/plugins/com.st.stm32cube.ide.mcu.externaltools.gnu-tools-for-stm32.9-2020-q2-update.win32_1.5.0.202011040924/tools/bin/../lib/gcc/arm-none-eabi/9.3.1/../../../../arm-none-eabi/lib/thumb/v7e-m+fp/hard\libc_nano.a(lib_a-errno.o)
                0x00000000080099a0                __errno
 .text.__libc_init_array
                0x00000000080099ac       0x48 c:/st/stm32cubeide_1.5.1/stm32cubeide/plugins/com.st.stm32cube.ide.mcu.externaltools.gnu-tools-for-stm32.9-2020-q2-update.win32_1.5.0.202011040924/tools/bin/../lib/gcc/arm-none-eabi/9.3.1/../../../../arm-none-eabi/lib/thumb/v7e-m+fp/hard\libc_nano.a(lib_a-init.o)
                0x00000000080099ac                __libc_init_array
 .text.memcpy   0x00000000080099f4       0x1c c:/st/stm32cubeide_1.5.1/stm32cubeide/plugins/com.st.stm32cube.ide.mcu.externaltools.gnu-tools-for-stm32.9-2020-q2-update.win32_1.5.0.202011040924/tools/bin/../lib/gcc/arm-none-eabi/9.3.1/../../../../arm-none-eabi/lib/thumb/v7e-m+fp/hard\libc_nano.a(lib_a-memcpy-stub.o)
                0x00000000080099f4                memcpy
 .text.memset   0x0000000008009a10       0x10 c:/st/stm32cubeide_1.5.1/stm32cubeide/plugins/com.st.stm32cube.ide.mcu.externaltools.gnu-tools-for-stm32.9-2020-q2-update.win32_1.5.0.202011040924/tools/bin/../lib/gcc/arm-none-eabi/9.3.1/../../../../arm-none-eabi/lib/thumb/v7e-m+fp/hard\libc_nano.a(lib_a-memset.o)
                0x0000000008009a10                memset
 .text._calloc_r
                0x0000000008009a20       0x1e c:/st/stm32cubeide_1.5.1/stm32cubeide/plugins/com.st.stm32cube.ide.mcu.externaltools.gnu-tools-for-stm32.9-2020-q2-update.win32_1.5.0.202011040924/tools/bin/../lib/gcc/arm-none-eabi/9.3.1/../../../../arm-none-eabi/lib/thumb/v7e-m+fp/hard\libc_nano.a(lib_a-nano-callocr.o)
                0x0000000008009a20                _calloc_r
 *fill*         0x0000000008009a3e        0x2 
 .text._malloc_r
                0x0000000008009a40       0xb4 c:/st/stm32cubeide_1.5.1/stm32cubeide/plugins/com.st.stm32cube.ide.mcu.externaltools.gnu-tools-for-stm32.9-2020-q2-update.win32_1.5.0.202011040924/tools/bin/../lib/gcc/arm-none-eabi/9.3.1/../../../../arm-none-eabi/lib/thumb/v7e-m+fp/hard\libc_nano.a(lib_a-nano-mallocr.o)
                0x0000000008009a40                _malloc_r
 .text._sbrk_r  0x0000000008009af4       0x20 c:/st/stm32cubeide_1.5.1/stm32cubeide/plugins/com.st.stm32cube.ide.mcu.externaltools.gnu-tools-for-stm32.9-2020-q2-update.win32_1.5.0.202011040924/tools/bin/../lib/gcc/arm-none-eabi/9.3.1/../../../../arm-none-eabi/lib/thumb/v7e-m+fp/hard\libc_nano.a(lib_a-sbrkr.o)
                0x0000000008009af4                _sbrk_r
 .text.__malloc_lock
                0x0000000008009b14        0xc c:/st/stm32cubeide_1.5.1/stm32cubeide/plugins/com.st.stm32cube.ide.mcu.externaltools.gnu-tools-for-stm32.9-2020-q2-update.win32_1.5.0.202011040924/tools/bin/../lib/gcc/arm-none-eabi/9.3.1/../../../../arm-none-eabi/lib/thumb/v7e-m+fp/hard\libc_nano.a(lib_a-mlock.o)
                0x0000000008009b14                __malloc_lock
 .text.__malloc_unlock
                0x0000000008009b20        0xc c:/st/stm32cubeide_1.5.1/stm32cubeide/plugins/com.st.stm32cube.ide.mcu.externaltools.gnu-tools-for-stm32.9-2020-q2-update.win32_1.5.0.202011040924/tools/bin/../lib/gcc/arm-none-eabi/9.3.1/../../../../arm-none-eabi/lib/thumb/v7e-m+fp/hard\libc_nano.a(lib_a-mlock.o)
                0x0000000008009b20                __malloc_unlock
 .text.__retarget_lock_acquire_recursive
                0x0000000008009b2c        0x2 c:/st/stm32cubeide_1.5.1/stm32cubeide/plugins/com.st.stm32cube.ide.mcu.externaltools.gnu-tools-for-stm32.9-2020-q2-update.win32_1.5.0.202011040924/tools/bin/../lib/gcc/arm-none-eabi/9.3.1/../../../../arm-none-eabi/lib/thumb/v7e-m+fp/hard\libc_nano.a(lib_a-lock.o)
                0x0000000008009b2c                __retarget_lock_acquire_recursive
 .text.__retarget_lock_release_recursive
                0x0000000008009b2e        0x2 c:/st/stm32cubeide_1.5.1/stm32cubeide/plugins/com.st.stm32cube.ide.mcu.externaltools.gnu-tools-for-stm32.9-2020-q2-update.win32_1.5.0.202011040924/tools/bin/../lib/gcc/arm-none-eabi/9.3.1/../../../../arm-none-eabi/lib/thumb/v7e-m+fp/hard\libc_nano.a(lib_a-lock.o)
                0x0000000008009b2e                __retarget_lock_release_recursive
 .text.sqrt     0x0000000008009b30       0x68 c:/st/stm32cubeide_1.5.1/stm32cubeide/plugins/com.st.stm32cube.ide.mcu.externaltools.gnu-tools-for-stm32.9-2020-q2-update.win32_1.5.0.202011040924/tools/bin/../lib/gcc/arm-none-eabi/9.3.1/../../../../arm-none-eabi/lib/thumb/v7e-m+fp/hard\libm.a(lib_a-w_sqrt.o)
                0x0000000008009b30                sqrt
 .text.__ieee754_sqrt
                0x0000000008009b98      0x168 c:/st/stm32cubeide_1.5.1/stm32cubeide/plugins/com.st.stm32cube.ide.mcu.externaltools.gnu-tools-for-stm32.9-2020-q2-update.win32_1.5.0.202011040924/tools/bin/../lib/gcc/arm-none-eabi/9.3.1/../../../../arm-none-eabi/lib/thumb/v7e-m+fp/hard\libm.a(lib_a-e_sqrt.o)
                0x0000000008009b98                __ieee754_sqrt
 *(.glue_7)
 .glue_7        0x0000000008009d00        0x0 linker stubs
 *(.glue_7t)
 .glue_7t       0x0000000008009d00        0x0 linker stubs
 *(.eh_frame)
 .eh_frame      0x0000000008009d00        0x0 c:/st/stm32cubeide_1.5.1/stm32cubeide/plugins/com.st.stm32cube.ide.mcu.externaltools.gnu-tools-for-stm32.9-2020-q2-update.win32_1.5.0.202011040924/tools/bin/../lib/gcc/arm-none-eabi/9.3.1/thumb/v7e-m+fp/hard/crtbegin.o
 *(.init)
 .init          0x0000000008009d00        0x4 c:/st/stm32cubeide_1.5.1/stm32cubeide/plugins/com.st.stm32cube.ide.mcu.externaltools.gnu-tools-for-stm32.9-2020-q2-update.win32_1.5.0.202011040924/tools/bin/../lib/gcc/arm-none-eabi/9.3.1/thumb/v7e-m+fp/hard/crti.o
                0x0000000008009d00                _init
 .init          0x0000000008009d04        0x8 c:/st/stm32cubeide_1.5.1/stm32cubeide/plugins/com.st.stm32cube.ide.mcu.externaltools.gnu-tools-for-stm32.9-2020-q2-update.win32_1.5.0.202011040924/tools/bin/../lib/gcc/arm-none-eabi/9.3.1/thumb/v7e-m+fp/hard/crtn.o
 *(.fini)
 .fini          0x0000000008009d0c        0x4 c:/st/stm32cubeide_1.5.1/stm32cubeide/plugins/com.st.stm32cube.ide.mcu.externaltools.gnu-tools-for-stm32.9-2020-q2-update.win32_1.5.0.202011040924/tools/bin/../lib/gcc/arm-none-eabi/9.3.1/thumb/v7e-m+fp/hard/crti.o
                0x0000000008009d0c                _fini
 .fini          0x0000000008009d10        0x8 c:/st/stm32cubeide_1.5.1/stm32cubeide/plugins/com.st.stm32cube.ide.mcu.externaltools.gnu-tools-for-stm32.9-2020-q2-update.win32_1.5.0.202011040924/tools/bin/../lib/gcc/arm-none-eabi/9.3.1/thumb/v7e-m+fp/hard/crtn.o
                0x0000000008009d18                . = ALIGN (0x4)
                0x0000000008009d18                _etext = .

.vfp11_veneer   0x0000000008009d18        0x0
 .vfp11_veneer  0x0000000008009d18        0x0 linker stubs

.v4_bx          0x0000000008009d18        0x0
 .v4_bx         0x0000000008009d18        0x0 linker stubs

.iplt           0x0000000008009d18        0x0
 .iplt          0x0000000008009d18        0x0 c:/st/stm32cubeide_1.5.1/stm32cubeide/plugins/com.st.stm32cube.ide.mcu.externaltools.gnu-tools-for-stm32.9-2020-q2-update.win32_1.5.0.202011040924/tools/bin/../lib/gcc/arm-none-eabi/9.3.1/thumb/v7e-m+fp/hard/crtbegin.o

.rodata         0x0000000008009d18       0x38
                0x0000000008009d18                . = ALIGN (0x4)
 *(.rodata)
 .rodata        0x0000000008009d18       0x16 Core/Src/main.o
 *(.rodata*)
 *fill*         0x0000000008009d2e        0x2 
 .rodata.AHBPrescTable
                0x0000000008009d30       0x10 Core/Src/system_stm32f4xx.o
                0x0000000008009d30                AHBPrescTable
 .rodata.APBPrescTable
                0x0000000008009d40        0x8 Core/Src/system_stm32f4xx.o
                0x0000000008009d40                APBPrescTable
 .rodata.flagBitshiftOffset.8403
                0x0000000008009d48        0x8 Drivers/STM32F4xx_HAL_Driver/Src/stm32f4xx_hal_dma.o
                0x0000000008009d50                . = ALIGN (0x4)

.ARM.extab      0x0000000008009d50        0x0
                0x0000000008009d50                . = ALIGN (0x4)
 *(.ARM.extab* .gnu.linkonce.armextab.*)
                0x0000000008009d50                . = ALIGN (0x4)

.ARM            0x0000000008009d50        0x8
                0x0000000008009d50                . = ALIGN (0x4)
                0x0000000008009d50                __exidx_start = .
 *(.ARM.exidx*)
 .ARM.exidx     0x0000000008009d50        0x8 c:/st/stm32cubeide_1.5.1/stm32cubeide/plugins/com.st.stm32cube.ide.mcu.externaltools.gnu-tools-for-stm32.9-2020-q2-update.win32_1.5.0.202011040924/tools/bin/../lib/gcc/arm-none-eabi/9.3.1/thumb/v7e-m+fp/hard\libgcc.a(_udivmoddi4.o)
                0x0000000008009d58                __exidx_end = .
                0x0000000008009d58                . = ALIGN (0x4)

.rel.dyn        0x0000000008009d58        0x0
 .rel.iplt      0x0000000008009d58        0x0 c:/st/stm32cubeide_1.5.1/stm32cubeide/plugins/com.st.stm32cube.ide.mcu.externaltools.gnu-tools-for-stm32.9-2020-q2-update.win32_1.5.0.202011040924/tools/bin/../lib/gcc/arm-none-eabi/9.3.1/thumb/v7e-m+fp/hard/crtbegin.o

.preinit_array  0x0000000008009d58        0x0
                0x0000000008009d58                . = ALIGN (0x4)
                0x0000000008009d58                PROVIDE (__preinit_array_start = .)
 *(.preinit_array*)
                0x0000000008009d58                PROVIDE (__preinit_array_end = .)
                0x0000000008009d58                . = ALIGN (0x4)

.init_array     0x0000000008009d58        0x4
                0x0000000008009d58                . = ALIGN (0x4)
                0x0000000008009d58                PROVIDE (__init_array_start = .)
 *(SORT_BY_NAME(.init_array.*))
 *(.init_array*)
 .init_array    0x0000000008009d58        0x4 c:/st/stm32cubeide_1.5.1/stm32cubeide/plugins/com.st.stm32cube.ide.mcu.externaltools.gnu-tools-for-stm32.9-2020-q2-update.win32_1.5.0.202011040924/tools/bin/../lib/gcc/arm-none-eabi/9.3.1/thumb/v7e-m+fp/hard/crtbegin.o
                0x0000000008009d5c                PROVIDE (__init_array_end = .)
                0x0000000008009d5c                . = ALIGN (0x4)

.fini_array     0x0000000008009d5c        0x4
                0x0000000008009d5c                . = ALIGN (0x4)
                [!provide]                        PROVIDE (__fini_array_start = .)
 *(SORT_BY_NAME(.fini_array.*))
 *(.fini_array*)
 .fini_array    0x0000000008009d5c        0x4 c:/st/stm32cubeide_1.5.1/stm32cubeide/plugins/com.st.stm32cube.ide.mcu.externaltools.gnu-tools-for-stm32.9-2020-q2-update.win32_1.5.0.202011040924/tools/bin/../lib/gcc/arm-none-eabi/9.3.1/thumb/v7e-m+fp/hard/crtbegin.o
                [!provide]                        PROVIDE (__fini_array_end = .)
                0x0000000008009d60                . = ALIGN (0x4)
                0x0000000008009d60                _sidata = LOADADDR (.data)

.data           0x0000000020000000       0x8c load address 0x0000000008009d60
                0x0000000020000000                . = ALIGN (0x4)
                0x0000000020000000                _sdata = .
 *(.data)
 *(.data*)
 .data.StationPos
                0x0000000020000000       0x14 Core/Src/main.o
                0x0000000020000000                StationPos
 .data.AcceptableError
                0x0000000020000014        0x1 Core/Src/main.o
                0x0000000020000014                AcceptableError
 *fill*         0x0000000020000015        0x3 
 .data.SystemCoreClock
                0x0000000020000018        0x4 Core/Src/system_stm32f4xx.o
                0x0000000020000018                SystemCoreClock
 .data.uwTickPrio
                0x000000002000001c        0x4 Drivers/STM32F4xx_HAL_Driver/Src/stm32f4xx_hal.o
                0x000000002000001c                uwTickPrio
 .data.uwTickFreq
                0x0000000020000020        0x1 Drivers/STM32F4xx_HAL_Driver/Src/stm32f4xx_hal.o
                0x0000000020000020                uwTickFreq
 *fill*         0x0000000020000021        0x3 
 .data._impure_ptr
                0x0000000020000024        0x4 c:/st/stm32cubeide_1.5.1/stm32cubeide/plugins/com.st.stm32cube.ide.mcu.externaltools.gnu-tools-for-stm32.9-2020-q2-update.win32_1.5.0.202011040924/tools/bin/../lib/gcc/arm-none-eabi/9.3.1/../../../../arm-none-eabi/lib/thumb/v7e-m+fp/hard\libc_nano.a(lib_a-impure.o)
                0x0000000020000024                _impure_ptr
 .data.impure_data
                0x0000000020000028       0x60 c:/st/stm32cubeide_1.5.1/stm32cubeide/plugins/com.st.stm32cube.ide.mcu.externaltools.gnu-tools-for-stm32.9-2020-q2-update.win32_1.5.0.202011040924/tools/bin/../lib/gcc/arm-none-eabi/9.3.1/../../../../arm-none-eabi/lib/thumb/v7e-m+fp/hard\libc_nano.a(lib_a-impure.o)
 .data.__fdlib_version
                0x0000000020000088        0x1 c:/st/stm32cubeide_1.5.1/stm32cubeide/plugins/com.st.stm32cube.ide.mcu.externaltools.gnu-tools-for-stm32.9-2020-q2-update.win32_1.5.0.202011040924/tools/bin/../lib/gcc/arm-none-eabi/9.3.1/../../../../arm-none-eabi/lib/thumb/v7e-m+fp/hard\libm.a(lib_a-s_lib_ver.o)
                0x0000000020000088                __fdlib_version
 *(.RamFunc)
 *(.RamFunc*)
                0x000000002000008c                . = ALIGN (0x4)
 *fill*         0x0000000020000089        0x3 
                0x000000002000008c                _edata = .

.igot.plt       0x000000002000008c        0x0 load address 0x0000000008009dec
 .igot.plt      0x000000002000008c        0x0 c:/st/stm32cubeide_1.5.1/stm32cubeide/plugins/com.st.stm32cube.ide.mcu.externaltools.gnu-tools-for-stm32.9-2020-q2-update.win32_1.5.0.202011040924/tools/bin/../lib/gcc/arm-none-eabi/9.3.1/thumb/v7e-m+fp/hard/crtbegin.o
                0x000000002000008c                . = ALIGN (0x4)

.bss            0x0000000020000090      0x50c load address 0x0000000008009dec
                0x0000000020000090                _sbss = .
                0x0000000020000090                __bss_start__ = _sbss
 *(.bss)
 .bss           0x0000000020000090       0x1c c:/st/stm32cubeide_1.5.1/stm32cubeide/plugins/com.st.stm32cube.ide.mcu.externaltools.gnu-tools-for-stm32.9-2020-q2-update.win32_1.5.0.202011040924/tools/bin/../lib/gcc/arm-none-eabi/9.3.1/thumb/v7e-m+fp/hard/crtbegin.o
 *(.bss*)
 .bss.pidSetZeroFlag
                0x00000000200000ac        0x1 Core/Src/main.o
                0x00000000200000ac                pidSetZeroFlag
 *fill*         0x00000000200000ad        0x3 
 .bss._micros   0x00000000200000b0        0x8 Core/Src/main.o
                0x00000000200000b0                _micros
 .bss.UART2     0x00000000200000b8       0x18 Core/Src/main.o
                0x00000000200000b8                UART2
 .bss.DCMotorStruc
                0x00000000200000d0        0x8 Core/Src/main.o
                0x00000000200000d0                DCMotorStruc
 .bss.Munmunbot_Protocol_State
                0x00000000200000d8        0x1 Core/Src/main.o
                0x00000000200000d8                Munmunbot_Protocol_State
 .bss.Munmunbot_State
                0x00000000200000d9        0x1 Core/Src/main.o
                0x00000000200000d9                Munmunbot_State
 .bss.SethomeMode
                0x00000000200000da        0x1 Core/Src/main.o
                0x00000000200000da                SethomeMode
 *fill*         0x00000000200000db        0x1 
 .bss.Angularpos_InputArray
                0x00000000200000dc        0xf Core/Src/main.o
                0x00000000200000dc                Angularpos_InputArray
 *fill*         0x00000000200000eb        0x1 
 .bss.Angularpos_InputNumber
                0x00000000200000ec        0x2 Core/Src/main.o
                0x00000000200000ec                Angularpos_InputNumber
 .bss.MovingLinkMode
                0x00000000200000ee        0x1 Core/Src/main.o
                0x00000000200000ee                MovingLinkMode
 .bss.Current_Station
                0x00000000200000ef        0x1 Core/Src/main.o
                0x00000000200000ef                Current_Station
 .bss.NumberOfStationToGo
                0x00000000200000f0        0x1 Core/Src/main.o
                0x00000000200000f0                NumberOfStationToGo
 .bss.NumberOfStationPTR
                0x00000000200000f1        0x1 Core/Src/main.o
                0x00000000200000f1                NumberOfStationPTR
 *fill*         0x00000000200000f2        0x2 
 .bss.Plant_input
                0x00000000200000f4        0x4 Core/Src/main.o
                0x00000000200000f4                Plant_input
 .bss.Moving_Link_Task_Flag
                0x00000000200000f8        0x1 Core/Src/main.o
                0x00000000200000f8                Moving_Link_Task_Flag
 .bss.GripperEnable
                0x00000000200000f9        0x1 Core/Src/main.o
                0x00000000200000f9                GripperEnable
 .bss.GripperState
                0x00000000200000fa        0x1 Core/Src/main.o
                0x00000000200000fa                GripperState
 *fill*         0x00000000200000fb        0x5 
 .bss.Timestamp_Gripper
                0x0000000020000100        0x8 Core/Src/main.o
                0x0000000020000100                Timestamp_Gripper
 .bss.PositionPIDController
                0x0000000020000108       0x38 Core/Src/main.o
                0x0000000020000108                PositionPIDController
 .bss.VelocityPIDController
                0x0000000020000140       0x38 Core/Src/main.o
                0x0000000020000140                VelocityPIDController
 .bss.TrjStruc  0x0000000020000178       0x90 Core/Src/main.o
                0x0000000020000178                TrjStruc
 .bss.CUSSStruc
                0x0000000020000208        0xc Core/Src/main.o
                0x0000000020000208                CUSSStruc
 .bss.PIDTunerMode
                0x0000000020000214        0x1 Core/Src/main.o
                0x0000000020000214                PIDTunerMode
 *fill*         0x0000000020000215        0x3 
 .bss.EstimatedAngularAcceration
                0x0000000020000218        0x4 Core/Src/main.o
                0x0000000020000218                EstimatedAngularAcceration
 *fill*         0x000000002000021c        0x4 
 .bss.EncoderLastTimestamp.10677
                0x0000000020000220        0x8 Core/Src/main.o
 .bss.EncoderLastPosition.10676
                0x0000000020000228        0x4 Core/Src/main.o
 .bss.Velocity_Output.10679
                0x000000002000022c        0x4 Core/Src/main.o
 .bss.EncoderLastVelocity.10678
                0x0000000020000230        0x4 Core/Src/main.o
 .bss.Acceration_Output.10680
                0x0000000020000234        0x4 Core/Src/main.o
 .bss.MultiProcessBlocker.10744
                0x0000000020000238        0x1 Core/Src/main.o
 *fill*         0x0000000020000239        0x3 
 .bss.CheckSum.10775
                0x000000002000023c        0x4 Core/Src/main.o
 .bss.ProtocolMode.10771
                0x0000000020000240        0x1 Core/Src/main.o
 *fill*         0x0000000020000241        0x1 
 .bss.Data_HAck.10774
                0x0000000020000242        0x2 Core/Src/main.o
 .bss.parameter.10772
                0x0000000020000244      0x100 Core/Src/main.o
 .bss.n_station.10769
                0x0000000020000344        0x2 Core/Src/main.o
 .bss.n_station_mem.10770
                0x0000000020000346        0x2 Core/Src/main.o
 .bss.parameter_ptr.10773
                0x0000000020000348        0x1 Core/Src/main.o
 *fill*         0x0000000020000349        0x1 
 .bss.DataForReturn.10776
                0x000000002000034a        0x2 Core/Src/main.o
 .bss.__sbrk_heap_end
                0x000000002000034c        0x4 Core/Src/sysmem.o
 .bss.__malloc_free_list
                0x0000000020000350        0x4 c:/st/stm32cubeide_1.5.1/stm32cubeide/plugins/com.st.stm32cube.ide.mcu.externaltools.gnu-tools-for-stm32.9-2020-q2-update.win32_1.5.0.202011040924/tools/bin/../lib/gcc/arm-none-eabi/9.3.1/../../../../arm-none-eabi/lib/thumb/v7e-m+fp/hard\libc_nano.a(lib_a-nano-mallocr.o)
                0x0000000020000350                __malloc_free_list
 .bss.__malloc_sbrk_start
                0x0000000020000354        0x4 c:/st/stm32cubeide_1.5.1/stm32cubeide/plugins/com.st.stm32cube.ide.mcu.externaltools.gnu-tools-for-stm32.9-2020-q2-update.win32_1.5.0.202011040924/tools/bin/../lib/gcc/arm-none-eabi/9.3.1/../../../../arm-none-eabi/lib/thumb/v7e-m+fp/hard\libc_nano.a(lib_a-nano-mallocr.o)
                0x0000000020000354                __malloc_sbrk_start
 *(COMMON)
 COMMON         0x0000000020000358      0x230 Core/Src/main.o
                0x0000000020000358                hdma_usart2_rx
                0x00000000200003b8                hi2c1
                0x000000002000040c                htim3
                0x0000000020000454                hdma_usart2_tx
                0x00000000200004b4                htim1
                0x00000000200004fc                htim2
                0x0000000020000544                huart2
 COMMON         0x0000000020000588        0x4 Drivers/STM32F4xx_HAL_Driver/Src/stm32f4xx_hal.o
                0x0000000020000588                uwTick
 COMMON         0x000000002000058c        0x4 c:/st/stm32cubeide_1.5.1/stm32cubeide/plugins/com.st.stm32cube.ide.mcu.externaltools.gnu-tools-for-stm32.9-2020-q2-update.win32_1.5.0.202011040924/tools/bin/../lib/gcc/arm-none-eabi/9.3.1/../../../../arm-none-eabi/lib/thumb/v7e-m+fp/hard\libc_nano.a(lib_a-reent.o)
                0x000000002000058c                errno
 COMMON         0x0000000020000590        0x9 c:/st/stm32cubeide_1.5.1/stm32cubeide/plugins/com.st.stm32cube.ide.mcu.externaltools.gnu-tools-for-stm32.9-2020-q2-update.win32_1.5.0.202011040924/tools/bin/../lib/gcc/arm-none-eabi/9.3.1/../../../../arm-none-eabi/lib/thumb/v7e-m+fp/hard\libc_nano.a(lib_a-lock.o)
                0x0000000020000590                __lock___atexit_recursive_mutex
                0x0000000020000591                __lock___arc4random_mutex
                0x0000000020000592                __lock___env_recursive_mutex
                0x0000000020000593                __lock___sinit_recursive_mutex
                0x0000000020000594                __lock___malloc_recursive_mutex
                0x0000000020000595                __lock___at_quick_exit_mutex
                0x0000000020000596                __lock___dd_hash_mutex
                0x0000000020000597                __lock___tz_mutex
                0x0000000020000598                __lock___sfp_recursive_mutex
                0x000000002000059c                . = ALIGN (0x4)
 *fill*         0x0000000020000599        0x3 
                0x000000002000059c                _ebss = .
                0x000000002000059c                __bss_end__ = _ebss

._user_heap_stack
                0x000000002000059c      0x604 load address 0x0000000008009dec
                0x00000000200005a0                . = ALIGN (0x8)
 *fill*         0x000000002000059c        0x4 
                [!provide]                        PROVIDE (end = .)
                0x00000000200005a0                PROVIDE (_end = .)
                0x00000000200007a0                . = (. + _Min_Heap_Size)
 *fill*         0x00000000200005a0      0x200 
                0x0000000020000ba0                . = (. + _Min_Stack_Size)
 *fill*         0x00000000200007a0      0x400 
                0x0000000020000ba0                . = ALIGN (0x8)

/DISCARD/
 libc.a(*)
 libm.a(*)
 libgcc.a(*)

.ARM.attributes
                0x0000000000000000       0x30
 *(.ARM.attributes)
 .ARM.attributes
                0x0000000000000000       0x1e c:/st/stm32cubeide_1.5.1/stm32cubeide/plugins/com.st.stm32cube.ide.mcu.externaltools.gnu-tools-for-stm32.9-2020-q2-update.win32_1.5.0.202011040924/tools/bin/../lib/gcc/arm-none-eabi/9.3.1/thumb/v7e-m+fp/hard/crti.o
 .ARM.attributes
                0x000000000000001e       0x34 c:/st/stm32cubeide_1.5.1/stm32cubeide/plugins/com.st.stm32cube.ide.mcu.externaltools.gnu-tools-for-stm32.9-2020-q2-update.win32_1.5.0.202011040924/tools/bin/../lib/gcc/arm-none-eabi/9.3.1/thumb/v7e-m+fp/hard/crtbegin.o
 .ARM.attributes
                0x0000000000000052       0x34 Core/Src/main.o
 .ARM.attributes
                0x0000000000000086       0x34 Core/Src/stm32f4xx_hal_msp.o
 .ARM.attributes
                0x00000000000000ba       0x34 Core/Src/stm32f4xx_it.o
 .ARM.attributes
                0x00000000000000ee       0x34 Core/Src/sysmem.o
 .ARM.attributes
                0x0000000000000122       0x34 Core/Src/system_stm32f4xx.o
 .ARM.attributes
                0x0000000000000156       0x21 Core/Startup/startup_stm32f411retx.o
 .ARM.attributes
                0x0000000000000177       0x34 Drivers/STM32F4xx_HAL_Driver/Src/stm32f4xx_hal.o
 .ARM.attributes
                0x00000000000001ab       0x34 Drivers/STM32F4xx_HAL_Driver/Src/stm32f4xx_hal_cortex.o
 .ARM.attributes
                0x00000000000001df       0x34 Drivers/STM32F4xx_HAL_Driver/Src/stm32f4xx_hal_dma.o
 .ARM.attributes
                0x0000000000000213       0x34 Drivers/STM32F4xx_HAL_Driver/Src/stm32f4xx_hal_gpio.o
 .ARM.attributes
                0x0000000000000247       0x34 Drivers/STM32F4xx_HAL_Driver/Src/stm32f4xx_hal_i2c.o
 .ARM.attributes
                0x000000000000027b       0x34 Drivers/STM32F4xx_HAL_Driver/Src/stm32f4xx_hal_rcc.o
 .ARM.attributes
                0x00000000000002af       0x34 Drivers/STM32F4xx_HAL_Driver/Src/stm32f4xx_hal_tim.o
 .ARM.attributes
                0x00000000000002e3       0x34 Drivers/STM32F4xx_HAL_Driver/Src/stm32f4xx_hal_tim_ex.o
 .ARM.attributes
                0x0000000000000317       0x34 Drivers/STM32F4xx_HAL_Driver/Src/stm32f4xx_hal_uart.o
 .ARM.attributes
                0x000000000000034b       0x34 c:/st/stm32cubeide_1.5.1/stm32cubeide/plugins/com.st.stm32cube.ide.mcu.externaltools.gnu-tools-for-stm32.9-2020-q2-update.win32_1.5.0.202011040924/tools/bin/../lib/gcc/arm-none-eabi/9.3.1/../../../../arm-none-eabi/lib/thumb/v7e-m+fp/hard\libc_nano.a(lib_a-calloc.o)
 .ARM.attributes
                0x000000000000037f       0x34 c:/st/stm32cubeide_1.5.1/stm32cubeide/plugins/com.st.stm32cube.ide.mcu.externaltools.gnu-tools-for-stm32.9-2020-q2-update.win32_1.5.0.202011040924/tools/bin/../lib/gcc/arm-none-eabi/9.3.1/../../../../arm-none-eabi/lib/thumb/v7e-m+fp/hard\libc_nano.a(lib_a-errno.o)
 .ARM.attributes
                0x00000000000003b3       0x32 c:/st/stm32cubeide_1.5.1/stm32cubeide/plugins/com.st.stm32cube.ide.mcu.externaltools.gnu-tools-for-stm32.9-2020-q2-update.win32_1.5.0.202011040924/tools/bin/../lib/gcc/arm-none-eabi/9.3.1/../../../../arm-none-eabi/lib/thumb/v7e-m+fp/hard\libc_nano.a(lib_a-impure.o)
 .ARM.attributes
                0x00000000000003e5       0x34 c:/st/stm32cubeide_1.5.1/stm32cubeide/plugins/com.st.stm32cube.ide.mcu.externaltools.gnu-tools-for-stm32.9-2020-q2-update.win32_1.5.0.202011040924/tools/bin/../lib/gcc/arm-none-eabi/9.3.1/../../../../arm-none-eabi/lib/thumb/v7e-m+fp/hard\libc_nano.a(lib_a-init.o)
 .ARM.attributes
                0x0000000000000419       0x34 c:/st/stm32cubeide_1.5.1/stm32cubeide/plugins/com.st.stm32cube.ide.mcu.externaltools.gnu-tools-for-stm32.9-2020-q2-update.win32_1.5.0.202011040924/tools/bin/../lib/gcc/arm-none-eabi/9.3.1/../../../../arm-none-eabi/lib/thumb/v7e-m+fp/hard\libc_nano.a(lib_a-memcpy-stub.o)
 .ARM.attributes
                0x000000000000044d       0x34 c:/st/stm32cubeide_1.5.1/stm32cubeide/plugins/com.st.stm32cube.ide.mcu.externaltools.gnu-tools-for-stm32.9-2020-q2-update.win32_1.5.0.202011040924/tools/bin/../lib/gcc/arm-none-eabi/9.3.1/../../../../arm-none-eabi/lib/thumb/v7e-m+fp/hard\libc_nano.a(lib_a-memset.o)
 .ARM.attributes
                0x0000000000000481       0x34 c:/st/stm32cubeide_1.5.1/stm32cubeide/plugins/com.st.stm32cube.ide.mcu.externaltools.gnu-tools-for-stm32.9-2020-q2-update.win32_1.5.0.202011040924/tools/bin/../lib/gcc/arm-none-eabi/9.3.1/../../../../arm-none-eabi/lib/thumb/v7e-m+fp/hard\libc_nano.a(lib_a-nano-callocr.o)
 .ARM.attributes
                0x00000000000004b5       0x34 c:/st/stm32cubeide_1.5.1/stm32cubeide/plugins/com.st.stm32cube.ide.mcu.externaltools.gnu-tools-for-stm32.9-2020-q2-update.win32_1.5.0.202011040924/tools/bin/../lib/gcc/arm-none-eabi/9.3.1/../../../../arm-none-eabi/lib/thumb/v7e-m+fp/hard\libc_nano.a(lib_a-nano-mallocr.o)
 .ARM.attributes
                0x00000000000004e9       0x34 c:/st/stm32cubeide_1.5.1/stm32cubeide/plugins/com.st.stm32cube.ide.mcu.externaltools.gnu-tools-for-stm32.9-2020-q2-update.win32_1.5.0.202011040924/tools/bin/../lib/gcc/arm-none-eabi/9.3.1/../../../../arm-none-eabi/lib/thumb/v7e-m+fp/hard\libc_nano.a(lib_a-sbrkr.o)
 .ARM.attributes
                0x000000000000051d       0x34 c:/st/stm32cubeide_1.5.1/stm32cubeide/plugins/com.st.stm32cube.ide.mcu.externaltools.gnu-tools-for-stm32.9-2020-q2-update.win32_1.5.0.202011040924/tools/bin/../lib/gcc/arm-none-eabi/9.3.1/../../../../arm-none-eabi/lib/thumb/v7e-m+fp/hard\libc_nano.a(lib_a-mlock.o)
 .ARM.attributes
                0x0000000000000551       0x34 c:/st/stm32cubeide_1.5.1/stm32cubeide/plugins/com.st.stm32cube.ide.mcu.externaltools.gnu-tools-for-stm32.9-2020-q2-update.win32_1.5.0.202011040924/tools/bin/../lib/gcc/arm-none-eabi/9.3.1/../../../../arm-none-eabi/lib/thumb/v7e-m+fp/hard\libc_nano.a(lib_a-reent.o)
 .ARM.attributes
                0x0000000000000585       0x34 c:/st/stm32cubeide_1.5.1/stm32cubeide/plugins/com.st.stm32cube.ide.mcu.externaltools.gnu-tools-for-stm32.9-2020-q2-update.win32_1.5.0.202011040924/tools/bin/../lib/gcc/arm-none-eabi/9.3.1/../../../../arm-none-eabi/lib/thumb/v7e-m+fp/hard\libc_nano.a(lib_a-lock.o)
 .ARM.attributes
                0x00000000000005b9       0x34 c:/st/stm32cubeide_1.5.1/stm32cubeide/plugins/com.st.stm32cube.ide.mcu.externaltools.gnu-tools-for-stm32.9-2020-q2-update.win32_1.5.0.202011040924/tools/bin/../lib/gcc/arm-none-eabi/9.3.1/../../../../arm-none-eabi/lib/thumb/v7e-m+fp/hard\libm.a(lib_a-w_sqrt.o)
 .ARM.attributes
                0x00000000000005ed       0x34 c:/st/stm32cubeide_1.5.1/stm32cubeide/plugins/com.st.stm32cube.ide.mcu.externaltools.gnu-tools-for-stm32.9-2020-q2-update.win32_1.5.0.202011040924/tools/bin/../lib/gcc/arm-none-eabi/9.3.1/../../../../arm-none-eabi/lib/thumb/v7e-m+fp/hard\libm.a(lib_a-e_sqrt.o)
 .ARM.attributes
                0x0000000000000621       0x32 c:/st/stm32cubeide_1.5.1/stm32cubeide/plugins/com.st.stm32cube.ide.mcu.externaltools.gnu-tools-for-stm32.9-2020-q2-update.win32_1.5.0.202011040924/tools/bin/../lib/gcc/arm-none-eabi/9.3.1/../../../../arm-none-eabi/lib/thumb/v7e-m+fp/hard\libm.a(lib_a-s_lib_ver.o)
 .ARM.attributes
                0x0000000000000653       0x1e c:/st/stm32cubeide_1.5.1/stm32cubeide/plugins/com.st.stm32cube.ide.mcu.externaltools.gnu-tools-for-stm32.9-2020-q2-update.win32_1.5.0.202011040924/tools/bin/../lib/gcc/arm-none-eabi/9.3.1/thumb/v7e-m+fp/hard\libgcc.a(_arm_addsubdf3.o)
 .ARM.attributes
                0x0000000000000671       0x1e c:/st/stm32cubeide_1.5.1/stm32cubeide/plugins/com.st.stm32cube.ide.mcu.externaltools.gnu-tools-for-stm32.9-2020-q2-update.win32_1.5.0.202011040924/tools/bin/../lib/gcc/arm-none-eabi/9.3.1/thumb/v7e-m+fp/hard\libgcc.a(_arm_muldivdf3.o)
 .ARM.attributes
                0x000000000000068f       0x1e c:/st/stm32cubeide_1.5.1/stm32cubeide/plugins/com.st.stm32cube.ide.mcu.externaltools.gnu-tools-for-stm32.9-2020-q2-update.win32_1.5.0.202011040924/tools/bin/../lib/gcc/arm-none-eabi/9.3.1/thumb/v7e-m+fp/hard\libgcc.a(_arm_cmpdf2.o)
 .ARM.attributes
                0x00000000000006ad       0x1e c:/st/stm32cubeide_1.5.1/stm32cubeide/plugins/com.st.stm32cube.ide.mcu.externaltools.gnu-tools-for-stm32.9-2020-q2-update.win32_1.5.0.202011040924/tools/bin/../lib/gcc/arm-none-eabi/9.3.1/thumb/v7e-m+fp/hard\libgcc.a(_arm_unorddf2.o)
 .ARM.attributes
                0x00000000000006cb       0x1e c:/st/stm32cubeide_1.5.1/stm32cubeide/plugins/com.st.stm32cube.ide.mcu.externaltools.gnu-tools-for-stm32.9-2020-q2-update.win32_1.5.0.202011040924/tools/bin/../lib/gcc/arm-none-eabi/9.3.1/thumb/v7e-m+fp/hard\libgcc.a(_arm_fixunsdfsi.o)
 .ARM.attributes
                0x00000000000006e9       0x1e c:/st/stm32cubeide_1.5.1/stm32cubeide/plugins/com.st.stm32cube.ide.mcu.externaltools.gnu-tools-for-stm32.9-2020-q2-update.win32_1.5.0.202011040924/tools/bin/../lib/gcc/arm-none-eabi/9.3.1/thumb/v7e-m+fp/hard\libgcc.a(_arm_truncdfsf2.o)
 .ARM.attributes
                0x0000000000000707       0x1e c:/st/stm32cubeide_1.5.1/stm32cubeide/plugins/com.st.stm32cube.ide.mcu.externaltools.gnu-tools-for-stm32.9-2020-q2-update.win32_1.5.0.202011040924/tools/bin/../lib/gcc/arm-none-eabi/9.3.1/thumb/v7e-m+fp/hard\libgcc.a(_arm_addsubsf3.o)
 .ARM.attributes
                0x0000000000000725       0x1e c:/st/stm32cubeide_1.5.1/stm32cubeide/plugins/com.st.stm32cube.ide.mcu.externaltools.gnu-tools-for-stm32.9-2020-q2-update.win32_1.5.0.202011040924/tools/bin/../lib/gcc/arm-none-eabi/9.3.1/thumb/v7e-m+fp/hard\libgcc.a(_aeabi_uldivmod.o)
 .ARM.attributes
                0x0000000000000743       0x34 c:/st/stm32cubeide_1.5.1/stm32cubeide/plugins/com.st.stm32cube.ide.mcu.externaltools.gnu-tools-for-stm32.9-2020-q2-update.win32_1.5.0.202011040924/tools/bin/../lib/gcc/arm-none-eabi/9.3.1/thumb/v7e-m+fp/hard\libgcc.a(_udivmoddi4.o)
 .ARM.attributes
                0x0000000000000777       0x1e c:/st/stm32cubeide_1.5.1/stm32cubeide/plugins/com.st.stm32cube.ide.mcu.externaltools.gnu-tools-for-stm32.9-2020-q2-update.win32_1.5.0.202011040924/tools/bin/../lib/gcc/arm-none-eabi/9.3.1/thumb/v7e-m+fp/hard\libgcc.a(_dvmd_tls.o)
 .ARM.attributes
                0x0000000000000795       0x1e c:/st/stm32cubeide_1.5.1/stm32cubeide/plugins/com.st.stm32cube.ide.mcu.externaltools.gnu-tools-for-stm32.9-2020-q2-update.win32_1.5.0.202011040924/tools/bin/../lib/gcc/arm-none-eabi/9.3.1/thumb/v7e-m+fp/hard/crtn.o
OUTPUT(Project000.elf elf32-littlearm)
LOAD linker stubs
LOAD c:/st/stm32cubeide_1.5.1/stm32cubeide/plugins/com.st.stm32cube.ide.mcu.externaltools.gnu-tools-for-stm32.9-2020-q2-update.win32_1.5.0.202011040924/tools/bin/../lib/gcc/arm-none-eabi/9.3.1/../../../../arm-none-eabi/lib/thumb/v7e-m+fp/hard\libc.a
LOAD c:/st/stm32cubeide_1.5.1/stm32cubeide/plugins/com.st.stm32cube.ide.mcu.externaltools.gnu-tools-for-stm32.9-2020-q2-update.win32_1.5.0.202011040924/tools/bin/../lib/gcc/arm-none-eabi/9.3.1/../../../../arm-none-eabi/lib/thumb/v7e-m+fp/hard\libm.a
LOAD c:/st/stm32cubeide_1.5.1/stm32cubeide/plugins/com.st.stm32cube.ide.mcu.externaltools.gnu-tools-for-stm32.9-2020-q2-update.win32_1.5.0.202011040924/tools/bin/../lib/gcc/arm-none-eabi/9.3.1/thumb/v7e-m+fp/hard\libgcc.a

.debug_info     0x0000000000000000    0x10f57
 .debug_info    0x0000000000000000     0x2dd2 Core/Src/main.o
 .debug_info    0x0000000000002dd2     0x13f3 Core/Src/stm32f4xx_hal_msp.o
 .debug_info    0x00000000000041c5      0xdaf Core/Src/stm32f4xx_it.o
 .debug_info    0x0000000000004f74      0xa25 Core/Src/sysmem.o
 .debug_info    0x0000000000005999      0x5d0 Core/Src/system_stm32f4xx.o
 .debug_info    0x0000000000005f69       0x22 Core/Startup/startup_stm32f411retx.o
 .debug_info    0x0000000000005f8b      0x944 Drivers/STM32F4xx_HAL_Driver/Src/stm32f4xx_hal.o
 .debug_info    0x00000000000068cf      0xe47 Drivers/STM32F4xx_HAL_Driver/Src/stm32f4xx_hal_cortex.o
 .debug_info    0x0000000000007716      0x9e9 Drivers/STM32F4xx_HAL_Driver/Src/stm32f4xx_hal_dma.o
 .debug_info    0x00000000000080ff      0x862 Drivers/STM32F4xx_HAL_Driver/Src/stm32f4xx_hal_gpio.o
 .debug_info    0x0000000000008961     0x2639 Drivers/STM32F4xx_HAL_Driver/Src/stm32f4xx_hal_i2c.o
 .debug_info    0x000000000000af9a      0x9be Drivers/STM32F4xx_HAL_Driver/Src/stm32f4xx_hal_rcc.o
 .debug_info    0x000000000000b958     0x2a88 Drivers/STM32F4xx_HAL_Driver/Src/stm32f4xx_hal_tim.o
 .debug_info    0x000000000000e3e0     0x151a Drivers/STM32F4xx_HAL_Driver/Src/stm32f4xx_hal_tim_ex.o
 .debug_info    0x000000000000f8fa     0x165d Drivers/STM32F4xx_HAL_Driver/Src/stm32f4xx_hal_uart.o

.debug_abbrev   0x0000000000000000     0x201f
 .debug_abbrev  0x0000000000000000      0x374 Core/Src/main.o
 .debug_abbrev  0x0000000000000374      0x206 Core/Src/stm32f4xx_hal_msp.o
 .debug_abbrev  0x000000000000057a      0x1a1 Core/Src/stm32f4xx_it.o
 .debug_abbrev  0x000000000000071b      0x1bf Core/Src/sysmem.o
 .debug_abbrev  0x00000000000008da      0x145 Core/Src/system_stm32f4xx.o
 .debug_abbrev  0x0000000000000a1f       0x12 Core/Startup/startup_stm32f411retx.o
 .debug_abbrev  0x0000000000000a31      0x21e Drivers/STM32F4xx_HAL_Driver/Src/stm32f4xx_hal.o
 .debug_abbrev  0x0000000000000c4f      0x33c Drivers/STM32F4xx_HAL_Driver/Src/stm32f4xx_hal_cortex.o
 .debug_abbrev  0x0000000000000f8b      0x219 Drivers/STM32F4xx_HAL_Driver/Src/stm32f4xx_hal_dma.o
 .debug_abbrev  0x00000000000011a4      0x1f1 Drivers/STM32F4xx_HAL_Driver/Src/stm32f4xx_hal_gpio.o
 .debug_abbrev  0x0000000000001395      0x293 Drivers/STM32F4xx_HAL_Driver/Src/stm32f4xx_hal_i2c.o
 .debug_abbrev  0x0000000000001628      0x275 Drivers/STM32F4xx_HAL_Driver/Src/stm32f4xx_hal_rcc.o
 .debug_abbrev  0x000000000000189d      0x26f Drivers/STM32F4xx_HAL_Driver/Src/stm32f4xx_hal_tim.o
 .debug_abbrev  0x0000000000001b0c      0x277 Drivers/STM32F4xx_HAL_Driver/Src/stm32f4xx_hal_tim_ex.o
 .debug_abbrev  0x0000000000001d83      0x29c Drivers/STM32F4xx_HAL_Driver/Src/stm32f4xx_hal_uart.o

.debug_aranges  0x0000000000000000     0x1018
 .debug_aranges
                0x0000000000000000      0x150 Core/Src/main.o
 .debug_aranges
                0x0000000000000150       0x68 Core/Src/stm32f4xx_hal_msp.o
 .debug_aranges
                0x00000000000001b8       0xa0 Core/Src/stm32f4xx_it.o
 .debug_aranges
                0x0000000000000258       0x20 Core/Src/sysmem.o
 .debug_aranges
                0x0000000000000278       0x28 Core/Src/system_stm32f4xx.o
 .debug_aranges
                0x00000000000002a0       0x28 Core/Startup/startup_stm32f411retx.o
 .debug_aranges
                0x00000000000002c8       0xf0 Drivers/STM32F4xx_HAL_Driver/Src/stm32f4xx_hal.o
 .debug_aranges
                0x00000000000003b8      0x118 Drivers/STM32F4xx_HAL_Driver/Src/stm32f4xx_hal_cortex.o
 .debug_aranges
                0x00000000000004d0       0x90 Drivers/STM32F4xx_HAL_Driver/Src/stm32f4xx_hal_dma.o
 .debug_aranges
                0x0000000000000560       0x58 Drivers/STM32F4xx_HAL_Driver/Src/stm32f4xx_hal_gpio.o
 .debug_aranges
                0x00000000000005b8      0x2a0 Drivers/STM32F4xx_HAL_Driver/Src/stm32f4xx_hal_i2c.o
 .debug_aranges
                0x0000000000000858       0x88 Drivers/STM32F4xx_HAL_Driver/Src/stm32f4xx_hal_rcc.o
 .debug_aranges
                0x00000000000008e0      0x3d0 Drivers/STM32F4xx_HAL_Driver/Src/stm32f4xx_hal_tim.o
 .debug_aranges
                0x0000000000000cb0      0x168 Drivers/STM32F4xx_HAL_Driver/Src/stm32f4xx_hal_tim_ex.o
 .debug_aranges
                0x0000000000000e18      0x200 Drivers/STM32F4xx_HAL_Driver/Src/stm32f4xx_hal_uart.o

.debug_ranges   0x0000000000000000      0xf88
 .debug_ranges  0x0000000000000000      0x140 Core/Src/main.o
 .debug_ranges  0x0000000000000140       0x58 Core/Src/stm32f4xx_hal_msp.o
 .debug_ranges  0x0000000000000198       0x90 Core/Src/stm32f4xx_it.o
 .debug_ranges  0x0000000000000228       0x10 Core/Src/sysmem.o
 .debug_ranges  0x0000000000000238       0x18 Core/Src/system_stm32f4xx.o
 .debug_ranges  0x0000000000000250       0x20 Core/Startup/startup_stm32f411retx.o
 .debug_ranges  0x0000000000000270       0xe0 Drivers/STM32F4xx_HAL_Driver/Src/stm32f4xx_hal.o
 .debug_ranges  0x0000000000000350      0x108 Drivers/STM32F4xx_HAL_Driver/Src/stm32f4xx_hal_cortex.o
 .debug_ranges  0x0000000000000458       0x80 Drivers/STM32F4xx_HAL_Driver/Src/stm32f4xx_hal_dma.o
 .debug_ranges  0x00000000000004d8       0x48 Drivers/STM32F4xx_HAL_Driver/Src/stm32f4xx_hal_gpio.o
 .debug_ranges  0x0000000000000520      0x2b8 Drivers/STM32F4xx_HAL_Driver/Src/stm32f4xx_hal_i2c.o
 .debug_ranges  0x00000000000007d8       0x78 Drivers/STM32F4xx_HAL_Driver/Src/stm32f4xx_hal_rcc.o
 .debug_ranges  0x0000000000000850      0x3c0 Drivers/STM32F4xx_HAL_Driver/Src/stm32f4xx_hal_tim.o
 .debug_ranges  0x0000000000000c10      0x158 Drivers/STM32F4xx_HAL_Driver/Src/stm32f4xx_hal_tim_ex.o
 .debug_ranges  0x0000000000000d68      0x220 Drivers/STM32F4xx_HAL_Driver/Src/stm32f4xx_hal_uart.o

.debug_macro    0x0000000000000000    0x16f71
 .debug_macro   0x0000000000000000      0x3e1 Core/Src/main.o
 .debug_macro   0x00000000000003e1      0xaa8 Core/Src/main.o
 .debug_macro   0x0000000000000e89      0x2a1 Core/Src/main.o
 .debug_macro   0x000000000000112a       0x2e Core/Src/main.o
 .debug_macro   0x0000000000001158       0x28 Core/Src/main.o
 .debug_macro   0x0000000000001180       0x22 Core/Src/main.o
 .debug_macro   0x00000000000011a2       0x8e Core/Src/main.o
 .debug_macro   0x0000000000001230       0x51 Core/Src/main.o
 .debug_macro   0x0000000000001281      0x103 Core/Src/main.o
 .debug_macro   0x0000000000001384       0x6a Core/Src/main.o
 .debug_macro   0x00000000000013ee      0x1df Core/Src/main.o
 .debug_macro   0x00000000000015cd       0x1c Core/Src/main.o
 .debug_macro   0x00000000000015e9       0x22 Core/Src/main.o
 .debug_macro   0x000000000000160b       0xdf Core/Src/main.o
 .debug_macro   0x00000000000016ea     0x102d Core/Src/main.o
 .debug_macro   0x0000000000002717      0x11f Core/Src/main.o
 .debug_macro   0x0000000000002836     0xb937 Core/Src/main.o
 .debug_macro   0x000000000000e16d       0x43 Core/Src/main.o
 .debug_macro   0x000000000000e1b0     0x3659 Core/Src/main.o
 .debug_macro   0x0000000000011809      0x174 Core/Src/main.o
 .debug_macro   0x000000000001197d       0x5c Core/Src/main.o
 .debug_macro   0x00000000000119d9      0x447 Core/Src/main.o
 .debug_macro   0x0000000000011e20      0x9fe Core/Src/main.o
 .debug_macro   0x000000000001281e      0x117 Core/Src/main.o
 .debug_macro   0x0000000000012935      0x11b Core/Src/main.o
 .debug_macro   0x0000000000012a50       0x82 Core/Src/main.o
 .debug_macro   0x0000000000012ad2      0x15f Core/Src/main.o
 .debug_macro   0x0000000000012c31      0x287 Core/Src/main.o
 .debug_macro   0x0000000000012eb8       0x5f Core/Src/main.o
 .debug_macro   0x0000000000012f17      0x236 Core/Src/main.o
 .debug_macro   0x000000000001314d      0x132 Core/Src/main.o
 .debug_macro   0x000000000001327f      0x264 Core/Src/main.o
 .debug_macro   0x00000000000134e3       0x2e Core/Src/main.o
 .debug_macro   0x0000000000013511      0x1b5 Core/Src/main.o
 .debug_macro   0x00000000000136c6       0x22 Core/Src/main.o
 .debug_macro   0x00000000000136e8       0xd6 Core/Src/main.o
 .debug_macro   0x00000000000137be      0x11a Core/Src/main.o
 .debug_macro   0x00000000000138d8       0x85 Core/Src/main.o
 .debug_macro   0x000000000001395d       0x89 Core/Src/main.o
 .debug_macro   0x00000000000139e6      0x8d1 Core/Src/main.o
 .debug_macro   0x00000000000142b7       0x47 Core/Src/main.o
 .debug_macro   0x00000000000142fe      0x295 Core/Src/main.o
 .debug_macro   0x0000000000014593      0x126 Core/Src/main.o
 .debug_macro   0x00000000000146b9       0xe2 Core/Src/main.o
 .debug_macro   0x000000000001479b       0x52 Core/Src/main.o
 .debug_macro   0x00000000000147ed       0x18 Core/Src/main.o
 .debug_macro   0x0000000000014805       0x3c Core/Src/main.o
 .debug_macro   0x0000000000014841       0x34 Core/Src/main.o
 .debug_macro   0x0000000000014875       0x16 Core/Src/main.o
 .debug_macro   0x000000000001488b       0x35 Core/Src/main.o
 .debug_macro   0x00000000000148c0      0x333 Core/Src/main.o
 .debug_macro   0x0000000000014bf3       0x10 Core/Src/main.o
 .debug_macro   0x0000000000014c03       0x16 Core/Src/main.o
 .debug_macro   0x0000000000014c19       0x43 Core/Src/main.o
 .debug_macro   0x0000000000014c5c       0x34 Core/Src/main.o
 .debug_macro   0x0000000000014c90       0x10 Core/Src/main.o
 .debug_macro   0x0000000000014ca0       0x58 Core/Src/main.o
 .debug_macro   0x0000000000014cf8       0x71 Core/Src/main.o
 .debug_macro   0x0000000000014d69       0x1c Core/Src/main.o
 .debug_macro   0x0000000000014d85      0x12a Core/Src/main.o
 .debug_macro   0x0000000000014eaf       0x10 Core/Src/main.o
 .debug_macro   0x0000000000014ebf       0x1c Core/Src/main.o
 .debug_macro   0x0000000000014edb       0x52 Core/Src/main.o
 .debug_macro   0x0000000000014f2d       0x22 Core/Src/main.o
 .debug_macro   0x0000000000014f4f       0x10 Core/Src/main.o
 .debug_macro   0x0000000000014f5f       0x40 Core/Src/main.o
 .debug_macro   0x0000000000014f9f       0xd5 Core/Src/main.o
 .debug_macro   0x0000000000015074       0x1c Core/Src/main.o
 .debug_macro   0x0000000000015090       0x3d Core/Src/main.o
 .debug_macro   0x00000000000150cd       0x16 Core/Src/main.o
 .debug_macro   0x00000000000150e3      0x145 Core/Src/main.o
 .debug_macro   0x0000000000015228       0x16 Core/Src/main.o
 .debug_macro   0x000000000001523e       0x16 Core/Src/main.o
 .debug_macro   0x0000000000015254       0x29 Core/Src/main.o
 .debug_macro   0x000000000001527d       0x16 Core/Src/main.o
 .debug_macro   0x0000000000015293       0x20 Core/Src/main.o
 .debug_macro   0x00000000000152b3      0x1a9 Core/Src/main.o
 .debug_macro   0x000000000001545c      0x1f6 Core/Src/stm32f4xx_hal_msp.o
 .debug_macro   0x0000000000015652      0x200 Core/Src/stm32f4xx_it.o
 .debug_macro   0x0000000000015852       0xff Core/Src/sysmem.o
 .debug_macro   0x0000000000015951      0x23b Core/Src/sysmem.o
 .debug_macro   0x0000000000015b8c      0x1ed Core/Src/system_stm32f4xx.o
 .debug_macro   0x0000000000015d79      0x247 Drivers/STM32F4xx_HAL_Driver/Src/stm32f4xx_hal.o
 .debug_macro   0x0000000000015fc0      0x1e7 Drivers/STM32F4xx_HAL_Driver/Src/stm32f4xx_hal_cortex.o
 .debug_macro   0x00000000000161a7      0x1ed Drivers/STM32F4xx_HAL_Driver/Src/stm32f4xx_hal_dma.o
 .debug_macro   0x0000000000016394      0x1ed Drivers/STM32F4xx_HAL_Driver/Src/stm32f4xx_hal_gpio.o
 .debug_macro   0x0000000000016581      0x22e Drivers/STM32F4xx_HAL_Driver/Src/stm32f4xx_hal_i2c.o
 .debug_macro   0x00000000000167af      0x20b Drivers/STM32F4xx_HAL_Driver/Src/stm32f4xx_hal_rcc.o
 .debug_macro   0x00000000000169ba      0x1e8 Drivers/STM32F4xx_HAL_Driver/Src/stm32f4xx_hal_tim.o
 .debug_macro   0x0000000000016ba2      0x1e7 Drivers/STM32F4xx_HAL_Driver/Src/stm32f4xx_hal_tim_ex.o
 .debug_macro   0x0000000000016d89      0x1e8 Drivers/STM32F4xx_HAL_Driver/Src/stm32f4xx_hal_uart.o

.debug_line     0x0000000000000000    0x11c96
 .debug_line    0x0000000000000000     0x1efb Core/Src/main.o
 .debug_line    0x0000000000001efb      0x8c2 Core/Src/stm32f4xx_hal_msp.o
 .debug_line    0x00000000000027bd      0x87b Core/Src/stm32f4xx_it.o
 .debug_line    0x0000000000003038      0x4f8 Core/Src/sysmem.o
 .debug_line    0x0000000000003530      0x77f Core/Src/system_stm32f4xx.o
 .debug_line    0x0000000000003caf       0x85 Core/Startup/startup_stm32f411retx.o
 .debug_line    0x0000000000003d34      0x9df Drivers/STM32F4xx_HAL_Driver/Src/stm32f4xx_hal.o
 .debug_line    0x0000000000004713      0xc8e Drivers/STM32F4xx_HAL_Driver/Src/stm32f4xx_hal_cortex.o
 .debug_line    0x00000000000053a1      0xf48 Drivers/STM32F4xx_HAL_Driver/Src/stm32f4xx_hal_dma.o
 .debug_line    0x00000000000062e9      0xb1b Drivers/STM32F4xx_HAL_Driver/Src/stm32f4xx_hal_gpio.o
 .debug_line    0x0000000000006e04     0x3966 Drivers/STM32F4xx_HAL_Driver/Src/stm32f4xx_hal_i2c.o
 .debug_line    0x000000000000a76a      0xd5b Drivers/STM32F4xx_HAL_Driver/Src/stm32f4xx_hal_rcc.o
 .debug_line    0x000000000000b4c5     0x33e5 Drivers/STM32F4xx_HAL_Driver/Src/stm32f4xx_hal_tim.o
 .debug_line    0x000000000000e8aa     0x1947 Drivers/STM32F4xx_HAL_Driver/Src/stm32f4xx_hal_tim_ex.o
 .debug_line    0x00000000000101f1     0x1aa5 Drivers/STM32F4xx_HAL_Driver/Src/stm32f4xx_hal_uart.o

.debug_str      0x0000000000000000    0x91d97
 .debug_str     0x0000000000000000    0x8e38b Core/Src/main.o
                                      0x8e8d0 (size before relaxing)
 .debug_str     0x000000000008e38b      0x100 Core/Src/stm32f4xx_hal_msp.o